Archive member included to satisfy reference by file (symbol)

c:/program files (x86)/atmel/studio/7.0/toolchain/arm/arm-gnu-toolchain/bin/../lib/gcc/arm-none-eabi/6.3.1/thumb/v7e-m\libgcc.a(_aeabi_uldivmod.o)
                              src/tc/tc.o (__aeabi_uldivmod)
c:/program files (x86)/atmel/studio/7.0/toolchain/arm/arm-gnu-toolchain/bin/../lib/gcc/arm-none-eabi/6.3.1/thumb/v7e-m\libgcc.a(_udivmoddi4.o)
                              c:/program files (x86)/atmel/studio/7.0/toolchain/arm/arm-gnu-toolchain/bin/../lib/gcc/arm-none-eabi/6.3.1/thumb/v7e-m\libgcc.a(_aeabi_uldivmod.o) (__udivmoddi4)
c:/program files (x86)/atmel/studio/7.0/toolchain/arm/arm-gnu-toolchain/bin/../lib/gcc/arm-none-eabi/6.3.1/thumb/v7e-m\libgcc.a(_dvmd_tls.o)
                              c:/program files (x86)/atmel/studio/7.0/toolchain/arm/arm-gnu-toolchain/bin/../lib/gcc/arm-none-eabi/6.3.1/thumb/v7e-m\libgcc.a(_aeabi_uldivmod.o) (__aeabi_ldiv0)
c:/program files (x86)/atmel/studio/7.0/toolchain/arm/arm-gnu-toolchain/bin/../lib/gcc/arm-none-eabi/6.3.1/../../../../arm-none-eabi/lib/thumb/v7e-m\libc.a(lib_a-exit.o)
                              c:/program files (x86)/atmel/studio/7.0/toolchain/arm/arm-gnu-toolchain/bin/../lib/gcc/arm-none-eabi/6.3.1/../../../../arm-none-eabi/lib/thumb/v7e-m/crt0.o (exit)
c:/program files (x86)/atmel/studio/7.0/toolchain/arm/arm-gnu-toolchain/bin/../lib/gcc/arm-none-eabi/6.3.1/../../../../arm-none-eabi/lib/thumb/v7e-m\libc.a(lib_a-impure.o)
                              c:/program files (x86)/atmel/studio/7.0/toolchain/arm/arm-gnu-toolchain/bin/../lib/gcc/arm-none-eabi/6.3.1/../../../../arm-none-eabi/lib/thumb/v7e-m\libc.a(lib_a-exit.o) (_global_impure_ptr)
c:/program files (x86)/atmel/studio/7.0/toolchain/arm/arm-gnu-toolchain/bin/../lib/gcc/arm-none-eabi/6.3.1/../../../../arm-none-eabi/lib/thumb/v7e-m\libc.a(lib_a-init.o)
                              c:/program files (x86)/atmel/studio/7.0/toolchain/arm/arm-gnu-toolchain/bin/../lib/gcc/arm-none-eabi/6.3.1/../../../../arm-none-eabi/lib/thumb/v7e-m/crt0.o (__libc_init_array)
c:/program files (x86)/atmel/studio/7.0/toolchain/arm/arm-gnu-toolchain/bin/../lib/gcc/arm-none-eabi/6.3.1/../../../../arm-none-eabi/lib/thumb/v7e-m\libc.a(lib_a-iprintf.o)
                              src/can/can_controller.o (iprintf)
c:/program files (x86)/atmel/studio/7.0/toolchain/arm/arm-gnu-toolchain/bin/../lib/gcc/arm-none-eabi/6.3.1/../../../../arm-none-eabi/lib/thumb/v7e-m\libc.a(lib_a-iscanf.o)
                              src/qs_mcan_fd.o (iscanf)
c:/program files (x86)/atmel/studio/7.0/toolchain/arm/arm-gnu-toolchain/bin/../lib/gcc/arm-none-eabi/6.3.1/../../../../arm-none-eabi/lib/thumb/v7e-m\libc.a(lib_a-memset.o)
                              c:/program files (x86)/atmel/studio/7.0/toolchain/arm/arm-gnu-toolchain/bin/../lib/gcc/arm-none-eabi/6.3.1/../../../../arm-none-eabi/lib/thumb/v7e-m/crt0.o (memset)
c:/program files (x86)/atmel/studio/7.0/toolchain/arm/arm-gnu-toolchain/bin/../lib/gcc/arm-none-eabi/6.3.1/../../../../arm-none-eabi/lib/thumb/v7e-m\libc.a(lib_a-setbuf.o)
                              src/qs_mcan_fd.o (setbuf)
c:/program files (x86)/atmel/studio/7.0/toolchain/arm/arm-gnu-toolchain/bin/../lib/gcc/arm-none-eabi/6.3.1/../../../../arm-none-eabi/lib/thumb/v7e-m\libc.a(lib_a-setvbuf.o)
                              c:/program files (x86)/atmel/studio/7.0/toolchain/arm/arm-gnu-toolchain/bin/../lib/gcc/arm-none-eabi/6.3.1/../../../../arm-none-eabi/lib/thumb/v7e-m\libc.a(lib_a-setbuf.o) (setvbuf)
c:/program files (x86)/atmel/studio/7.0/toolchain/arm/arm-gnu-toolchain/bin/../lib/gcc/arm-none-eabi/6.3.1/../../../../arm-none-eabi/lib/thumb/v7e-m\libc.a(lib_a-vfiprintf.o)
                              c:/program files (x86)/atmel/studio/7.0/toolchain/arm/arm-gnu-toolchain/bin/../lib/gcc/arm-none-eabi/6.3.1/../../../../arm-none-eabi/lib/thumb/v7e-m\libc.a(lib_a-iprintf.o) (_vfiprintf_r)
c:/program files (x86)/atmel/studio/7.0/toolchain/arm/arm-gnu-toolchain/bin/../lib/gcc/arm-none-eabi/6.3.1/../../../../arm-none-eabi/lib/thumb/v7e-m\libc.a(lib_a-vfiscanf.o)
                              c:/program files (x86)/atmel/studio/7.0/toolchain/arm/arm-gnu-toolchain/bin/../lib/gcc/arm-none-eabi/6.3.1/../../../../arm-none-eabi/lib/thumb/v7e-m\libc.a(lib_a-iscanf.o) (__svfiscanf_r)
c:/program files (x86)/atmel/studio/7.0/toolchain/arm/arm-gnu-toolchain/bin/../lib/gcc/arm-none-eabi/6.3.1/../../../../arm-none-eabi/lib/thumb/v7e-m\libc.a(lib_a-wsetup.o)
                              c:/program files (x86)/atmel/studio/7.0/toolchain/arm/arm-gnu-toolchain/bin/../lib/gcc/arm-none-eabi/6.3.1/../../../../arm-none-eabi/lib/thumb/v7e-m\libc.a(lib_a-vfiprintf.o) (__swsetup_r)
c:/program files (x86)/atmel/studio/7.0/toolchain/arm/arm-gnu-toolchain/bin/../lib/gcc/arm-none-eabi/6.3.1/../../../../arm-none-eabi/lib/thumb/v7e-m\libc.a(lib_a-__call_atexit.o)
[...]
Memory Configuration

Name             Origin             Length             Attributes
rom              0x00400000         0x00200000         xr
ram              0x20400000         0x00060000         xrw
*default*        0x00000000         0xffffffff

Linker script and memory map

LOAD c:/program files (x86)/atmel/studio/7.0/toolchain/arm/arm-gnu-toolchain/bin/../lib/gcc/arm-none-eabi/6.3.1/thumb/v7e-m/crti.o
LOAD c:/program files (x86)/atmel/studio/7.0/toolchain/arm/arm-gnu-toolchain/bin/../lib/gcc/arm-none-eabi/6.3.1/thumb/v7e-m/crtbegin.o
LOAD c:/program files (x86)/atmel/studio/7.0/toolchain/arm/arm-gnu-toolchain/bin/../lib/gcc/arm-none-eabi/6.3.1/../../../../arm-none-eabi/lib/thumb/v7e-m/crt0.o
LOAD src/can/can_controller.o
LOAD src/commands.o
LOAD src/commands_module.o
LOAD src/config/conf_telemetry.o
LOAD src/subsystem_1.o
LOAD src/subsystem_2.o
LOAD src/tc/tc.o
LOAD src/telemetry.o
LOAD src/ASF/common/services/clock/samv71/sysclk.o
LOAD src/ASF/common/services/serial/usart_serial.o
LOAD src/ASF/common/utils/interrupt/interrupt_sam_nvic.o
LOAD src/ASF/common/utils/stdio/read.o
LOAD src/ASF/common/utils/stdio/write.o
LOAD src/ASF/sam/boards/samv71_xplained_ultra/init.o
LOAD src/ASF/sam/drivers/mcan/mcan.o
LOAD src/ASF/sam/drivers/mpu/mpu.o
LOAD src/ASF/sam/drivers/pio/pio.o
LOAD src/ASF/sam/drivers/pio/pio_handler.o
LOAD src/ASF/sam/drivers/pmc/pmc.o
LOAD src/ASF/sam/drivers/pmc/sleep.o
LOAD src/ASF/sam/drivers/uart/uart.o
LOAD src/ASF/sam/drivers/usart/usart.o
LOAD src/ASF/sam/utils/cmsis/samv71/source/templates/gcc/startup_samv71.o
LOAD src/ASF/sam/utils/cmsis/samv71/source/templates/system_samv71.o
LOAD src/ASF/sam/utils/syscalls/gcc/syscalls.o
LOAD src/qs_mcan_fd.o
START GROUP
LOAD ../src/ASF/thirdparty/CMSIS/Lib/GCC\libarm_cortexM7lfsp_math_softfp.a
LOAD c:/program files (x86)/atmel/studio/7.0/toolchain/arm/arm-gnu-toolchain/bin/../lib/gcc/arm-none-eabi/6.3.1/../../../../arm-none-eabi/lib/thumb/v7e-m\libm.a
END GROUP
START GROUP
LOAD c:/program files (x86)/atmel/studio/7.0/toolchain/arm/arm-gnu-toolchain/bin/../lib/gcc/arm-none-eabi/6.3.1/thumb/v7e-m\libgcc.a
LOAD c:/program files (x86)/atmel/studio/7.0/toolchain/arm/arm-gnu-toolchain/bin/../lib/gcc/arm-none-eabi/6.3.1/../../../../arm-none-eabi/lib/thumb/v7e-m\libc.a
END GROUP
LOAD c:/program files (x86)/atmel/studio/7.0/toolchain/arm/arm-gnu-toolchain/bin/../lib/gcc/arm-none-eabi/6.3.1/thumb/v7e-m/crtend.o
LOAD c:/program files (x86)/atmel/studio/7.0/toolchain/arm/arm-gnu-toolchain/bin/../lib/gcc/arm-none-eabi/6.3.1/thumb/v7e-m/crtn.o
                0x00002000                STACK_SIZE = DEFINED (STACK_SIZE)?STACK_SIZE:0x2000
                0x2045fffc                __ram_end__ = ((ORIGIN (ram) + LENGTH (ram)) - 0x4)
                0x00000200                HEAP_SIZE = DEFINED (HEAP_SIZE)?HEAP_SIZE:0x200

.text           0x00400000     0x6bb0
                0x00400000                . = ALIGN (0x4)
                0x00400000                _sfixed = .
 *(.vectors .vectors.*)
 .vectors       0x00400000      0x168 src/ASF/sam/utils/cmsis/samv71/source/templates/gcc/startup_samv71.o
                0x00400000                exception_table
 *(.text .text.* .gnu.linkonce.t.*)
 .text          0x00400168       0x6c c:/program files (x86)/atmel/studio/7.0/toolchain/arm/arm-gnu-toolchain/bin/../lib/gcc/arm-none-eabi/6.3.1/thumb/v7e-m/crtbegin.o
 .text.can_init
                0x004001d4       0xa4 src/can/can_controller.o
                0x004001d4                can_init
 .text.can_enable_irq
                0x00400278       0x28 src/can/can_controller.o
                0x00400278                can_enable_irq
 .text.can_start
                0x004002a0       0x1c src/can/can_controller.o
                0x004002a0                can_start
 .text.can_set_rx_standard_buffer_filter
                0x004002bc       0x48 src/can/can_controller.o
                0x004002bc                can_set_rx_standard_buffer_filter
 .text.can_tx_message
                0x00400304       0xac src/can/can_controller.o
                0x00400304                can_tx_message
 .text.MCAN1_INT0_Handler
                0x004003b0      0x29c src/can/can_controller.o
                0x004003b0                MCAN1_INT0_Handler
 .text.cmd_init
                0x0040064c       0x14 src/commands.o
                0x0040064c                cmd_init
 .text.cmd_get_executed_count
                0x00400660        0xc src/commands.o
                0x00400660                cmd_get_executed_count
 .text.cmd_get_last_executed_id
                0x0040066c        0xc src/commands.o
                0x0040066c                cmd_get_last_executed_id
 .text.cmd_get_aborted_count
                0x00400678        0xc src/commands.o
                0x00400678                cmd_get_aborted_count
 .text.cmd_get_last_aborted_id
                0x00400684        0xc src/commands.o
                0x00400684                cmd_get_last_aborted_id
 .text.cmd_process
                0x00400690       0x4c src/commands.o
                0x00400690                cmd_process
 .text.command_get_cpu_temp
                0x004006dc        0x4 src/commands_module.o
 .text.command_ss2_get_temp
                0x004006e0       0x10 src/commands_module.o
 .text.command_ss2_get_led_status
                0x004006f0       0x10 src/commands_module.o
 .text.command_ss2_turn_off_led
                0x00400700        0xc src/commands_module.o
 .text.command_ss2_turn_on_led
                0x0040070c        0xc src/commands_module.o
 .text.command_ss1_get_temp
                0x00400718       0x10 src/commands_module.o
 .text.command_ss1_get_led_status
                0x00400728       0x10 src/commands_module.o
 .text.command_ss1_turn_off_led
                0x00400738        0xc src/commands_module.o
 .text.command_ss1_turn_on_led
                0x00400744        0xc src/commands_module.o
 .text.commands_module_execute
                0x00400750       0x18 src/commands_module.o
                0x00400750                commands_module_execute
 .text.TC0_Handler
                0x00400768       0x28 src/config/conf_telemetry.o
                0x00400768                TC0_Handler
 .text.ss1_send_can_command
                0x00400790       0x30 src/subsystem_1.o
 .text.ss1_turn_on_LED
                0x004007c0       0x10 src/subsystem_1.o
                0x004007c0                ss1_turn_on_LED
 .text.ss1_turn_off_LED
                0x004007d0       0x10 src/subsystem_1.o
                0x004007d0                ss1_turn_off_LED
 .text.ss1_get_LED_status
                0x004007e0       0x28 src/subsystem_1.o
                0x004007e0                ss1_get_LED_status
 .text.ss1_get_temp
                0x00400808       0x28 src/subsystem_1.o
                0x00400808                ss1_get_temp
 .text.ss2_send_can_command
                0x00400830       0x30 src/subsystem_2.o
 .text.ss2_turn_on_LED
                0x00400860       0x10 src/subsystem_2.o
                0x00400860                ss2_turn_on_LED
 .text.ss2_turn_off_LED
                0x00400870       0x10 src/subsystem_2.o
                0x00400870                ss2_turn_off_LED
 .text.ss2_get_LED_status
                0x00400880       0x14 src/subsystem_2.o
                0x00400880                ss2_get_LED_status
 .text.ss2_get_temp
                0x00400894       0x14 src/subsystem_2.o
                0x00400894                ss2_get_temp
 .text.tc_ticker_clear_irq_flags
                0x004008a8       0x14 src/tc/tc.o
                0x004008a8                tc_ticker_clear_irq_flags
 .text.telemetry_update
                0x004008bc       0x5c src/telemetry.o
                0x004008bc                telemetry_update
 .text.telemetry_get
                0x00400918       0x90 src/telemetry.o
                0x00400918                telemetry_get
 .text.sysclk_init
                0x004009a8       0x70 src/ASF/common/services/clock/samv71/sysclk.o
                0x004009a8                sysclk_init
 .text._read    0x00400a18       0x3c src/ASF/common/utils/stdio/read.o
                0x00400a18                _read
 .text._write   0x00400a54       0x50 src/ASF/common/utils/stdio/write.o
                0x00400a54                _write
 .text.board_init
                0x00400aa4      0x1b4 src/ASF/sam/boards/samv71_xplained_ultra/init.o
                0x00400aa4                board_init
 .text._mcan_enable_peripheral_clock
                0x00400c58       0x30 src/ASF/sam/drivers/mcan/mcan.o
 .text.mcan_init
                0x00400c88      0x274 src/ASF/sam/drivers/mcan/mcan.o
                0x00400c88                mcan_init
 .text.mcan_set_baudrate
                0x00400efc       0xf4 src/ASF/sam/drivers/mcan/mcan.o
                0x00400efc                mcan_set_baudrate
 .text.mcan_start
                0x00400ff0       0x16 src/ASF/sam/drivers/mcan/mcan.o
                0x00400ff0                mcan_start
 .text.mcan_stop
                0x00401006       0x16 src/ASF/sam/drivers/mcan/mcan.o
                0x00401006                mcan_stop
 .text.mcan_set_rx_standard_filter
                0x0040101c       0x3c src/ASF/sam/drivers/mcan/mcan.o
                0x0040101c                mcan_set_rx_standard_filter
 .text.mcan_get_rx_buffer_element
                0x00401058       0x54 src/ASF/sam/drivers/mcan/mcan.o
                0x00401058                mcan_get_rx_buffer_element
 .text.mcan_get_rx_fifo_0_element
                0x004010ac       0x54 src/ASF/sam/drivers/mcan/mcan.o
                0x004010ac                mcan_get_rx_fifo_0_element
 .text.mcan_get_rx_fifo_1_element
                0x00401100       0x54 src/ASF/sam/drivers/mcan/mcan.o
                0x00401100                mcan_get_rx_fifo_1_element
 .text.mcan_set_tx_buffer_element
                0x00401154       0x7c src/ASF/sam/drivers/mcan/mcan.o
                0x00401154                mcan_set_tx_buffer_element
 .text.pio_get_interrupt_status
                0x004011d0        0x4 src/ASF/sam/drivers/pio/pio.o
                0x004011d0                pio_get_interrupt_status
 .text.pio_get_interrupt_mask
                0x004011d4        0x4 src/ASF/sam/drivers/pio/pio.o
                0x004011d4                pio_get_interrupt_mask
 .text.pio_handler_process
                0x004011d8       0x50 src/ASF/sam/drivers/pio/pio_handler.o
                0x004011d8                pio_handler_process
 .text.PIOA_Handler
                0x00401228       0x14 src/ASF/sam/drivers/pio/pio_handler.o
                0x00401228                PIOA_Handler
 .text.PIOB_Handler
                0x0040123c       0x14 src/ASF/sam/drivers/pio/pio_handler.o
                0x0040123c                PIOB_Handler
 .text.PIOC_Handler
                0x00401250       0x14 src/ASF/sam/drivers/pio/pio_handler.o
                0x00401250                PIOC_Handler
 .text.PIOD_Handler
                0x00401264       0x14 src/ASF/sam/drivers/pio/pio_handler.o
                0x00401264                PIOD_Handler
 .text.PIOE_Handler
                0x00401278       0x14 src/ASF/sam/drivers/pio/pio_handler.o
                0x00401278                PIOE_Handler
 .text.pmc_mck_set_division
                0x0040128c       0x38 src/ASF/sam/drivers/pmc/pmc.o
                0x0040128c                pmc_mck_set_division
 .text.pmc_switch_mck_to_pllack
                0x004012c4       0x64 src/ASF/sam/drivers/pmc/pmc.o
                0x004012c4                pmc_switch_mck_to_pllack
 .text.pmc_switch_mainck_to_xtal
                0x00401328       0x54 src/ASF/sam/drivers/pmc/pmc.o
                0x00401328                pmc_switch_mainck_to_xtal
 .text.pmc_osc_is_ready_mainck
                0x0040137c       0x10 src/ASF/sam/drivers/pmc/pmc.o
                0x0040137c                pmc_osc_is_ready_mainck
 .text.pmc_disable_pllack
                0x0040138c       0x10 src/ASF/sam/drivers/pmc/pmc.o
                0x0040138c                pmc_disable_pllack
 .text.pmc_is_locked_pllack
                0x0040139c       0x10 src/ASF/sam/drivers/pmc/pmc.o
                0x0040139c                pmc_is_locked_pllack
 .text.pmc_enable_periph_clk
                0x004013ac       0x20 src/ASF/sam/drivers/pmc/pmc.o
                0x004013ac                pmc_enable_periph_clk
 .text.pmc_switch_pck_to_pllack
                0x004013cc       0x3c src/ASF/sam/drivers/pmc/pmc.o
                0x004013cc                pmc_switch_pck_to_pllack
 .text.pmc_get_slck_config
                0x00401408       0x10 src/ASF/sam/drivers/pmc/pmc.o
                0x00401408                pmc_get_slck_config
 .text.pmc_get_mainck_config
                0x00401418       0x1c src/ASF/sam/drivers/pmc/pmc.o
                0x00401418                pmc_get_mainck_config
 .text.pmc_get_pllack_config
                0x00401434       0x14 src/ASF/sam/drivers/pmc/pmc.o
                0x00401434                pmc_get_pllack_config
 .text.pmc_get_upllckdiv_config
                0x00401448       0x10 src/ASF/sam/drivers/pmc/pmc.o
                0x00401448                pmc_get_upllckdiv_config
 .text.pmc_enable_pck
                0x00401458       0x14 src/ASF/sam/drivers/pmc/pmc.o
                0x00401458                pmc_enable_pck
 .text.pmc_disable_pck
                0x0040146c       0x14 src/ASF/sam/drivers/pmc/pmc.o
                0x0040146c                pmc_disable_pck
 .text.uart_write
                0x00401480       0x12 src/ASF/sam/drivers/uart/uart.o
                0x00401480                uart_write
 .text.uart_read
                0x00401492       0x14 src/ASF/sam/drivers/uart/uart.o
                0x00401492                uart_read
 .text.usart_set_async_baudrate
                0x004014a6       0x5a src/ASF/sam/drivers/usart/usart.o
                0x004014a6                usart_set_async_baudrate
 .text.usart_reset
                0x00401500       0x28 src/ASF/sam/drivers/usart/usart.o
                0x00401500                usart_reset
 .text.usart_init_rs232
                0x00401528       0x54 src/ASF/sam/drivers/usart/usart.o
                0x00401528                usart_init_rs232
 .text.usart_enable_tx
                0x0040157c        0x6 src/ASF/sam/drivers/usart/usart.o
                0x0040157c                usart_enable_tx
 .text.usart_enable_rx
                0x00401582        0x6 src/ASF/sam/drivers/usart/usart.o
                0x00401582                usart_enable_rx
 .text.usart_write
                0x00401588       0x16 src/ASF/sam/drivers/usart/usart.o
                0x00401588                usart_write
 .text.usart_read
                0x0040159e       0x18 src/ASF/sam/drivers/usart/usart.o
                0x0040159e                usart_read
 .text.Dummy_Handler
                0x004015b6        0x2 src/ASF/sam/utils/cmsis/samv71/source/templates/gcc/startup_samv71.o
                0x004015b6                DACC_Handler
                0x004015b6                DebugMon_Handler
                0x004015b6                UART3_Handler
                0x004015b6                UART2_Handler
                0x004015b6                TRNG_Handler
                0x004015b6                HardFault_Handler
                0x004015b6                TC2_Handler
                0x004015b6                SysTick_Handler
                0x004015b6                AFEC1_Handler
                0x004015b6                PendSV_Handler
                0x004015b6                NMI_Handler
                0x004015b6                TC7_Handler
                0x004015b6                QSPI_Handler
                0x004015b6                ISI_Handler
                0x004015b6                MCAN0_INT0_Handler
                0x004015b6                TC9_Handler
                0x004015b6                RSWDT_Handler
                0x004015b6                USART0_Handler
                0x004015b6                RTT_Handler
                0x004015b6                USBHS_Handler
                0x004015b6                IXC_Handler
                0x004015b6                CCF_Handler
                0x004015b6                RTC_Handler
                0x004015b6                UsageFault_Handler
                0x004015b6                TC6_Handler
                0x004015b6                WDT_Handler
                0x004015b6                MCAN1_INT1_Handler
                0x004015b6                TC4_Handler
                0x004015b6                TC1_Handler
                0x004015b6                HSMCI_Handler
                0x004015b6                UART1_Handler
                0x004015b6                TC3_Handler
                0x004015b6                Dummy_Handler
                0x004015b6                TWIHS1_Handler
                0x004015b6                XDMAC_Handler
                0x004015b6                UART4_Handler
                0x004015b6                PWM1_Handler
                0x004015b6                USART1_Handler
                0x004015b6                PWM0_Handler
                0x004015b6                AFEC0_Handler
                0x004015b6                CCW_Handler
                0x004015b6                SSC_Handler
                0x004015b6                TC11_Handler
                0x004015b6                ACC_Handler
                0x004015b6                PMC_Handler
                0x004015b6                GMAC_Handler
                0x004015b6                MCAN0_INT1_Handler
                0x004015b6                GMAC_Q5_Handler
                0x004015b6                MemManage_Handler
                0x004015b6                SUPC_Handler
                0x004015b6                SVC_Handler
                0x004015b6                TC8_Handler
                0x004015b6                EFC_Handler
                0x004015b6                GMAC_Q1_Handler
                0x004015b6                USART2_Handler
                0x004015b6                SDRAMC_Handler
                0x004015b6                GMAC_Q2_Handler
                0x004015b6                SPI1_Handler
                0x004015b6                TC10_Handler
                0x004015b6                GMAC_Q3_Handler
                0x004015b6                TWIHS2_Handler
                0x004015b6                MLB_Handler
                0x004015b6                I2SC0_Handler
                0x004015b6                UART0_Handler
                0x004015b6                I2SC1_Handler
                0x004015b6                GMAC_Q4_Handler
                0x004015b6                FPU_Handler
                0x004015b6                BusFault_Handler
                0x004015b6                RSTC_Handler
                0x004015b6                TC5_Handler
                0x004015b6                ICM_Handler
                0x004015b6                AES_Handler
                0x004015b6                TWIHS0_Handler
                0x004015b6                SPI0_Handler
 .text.Reset_Handler
                0x004015b8       0xc8 src/ASF/sam/utils/cmsis/samv71/source/templates/gcc/startup_samv71.o
                0x004015b8                Reset_Handler
 .text.SystemCoreClockUpdate
                0x00401680      0x10c src/ASF/sam/utils/cmsis/samv71/source/templates/system_samv71.o
                0x00401680                SystemCoreClockUpdate
 .text.system_init_flash
                0x0040178c       0x8c src/ASF/sam/utils/cmsis/samv71/source/templates/system_samv71.o
                0x0040178c                system_init_flash
 .text._sbrk    0x00401818       0x38 src/ASF/sam/utils/syscalls/gcc/syscalls.o
                0x00401818                _sbrk
 .text._close   0x00401850        0x6 src/ASF/sam/utils/syscalls/gcc/syscalls.o
                0x00401850                _close
 .text._fstat   0x00401856        0xa src/ASF/sam/utils/syscalls/gcc/syscalls.o
                0x00401856                _fstat
 .text._isatty  0x00401860        0x4 src/ASF/sam/utils/syscalls/gcc/syscalls.o
                0x00401860                _isatty
 .text._lseek   0x00401864        0x4 src/ASF/sam/utils/syscalls/gcc/syscalls.o
                0x00401864                _lseek
 .text.usart_serial_getchar
                0x00401868       0xdc src/qs_mcan_fd.o
 .text.usart_serial_putchar
                0x00401944       0xd4 src/qs_mcan_fd.o
 .text.main     0x00401a18      0x2d4 src/qs_mcan_fd.o
                0x00401a18                main
 .text          0x00401cec       0x30 c:/program files (x86)/atmel/studio/7.0/toolchain/arm/arm-gnu-toolchain/bin/../lib/gcc/arm-none-eabi/6.3.1/thumb/v7e-m\libgcc.a(_aeabi_uldivmod.o)
                0x00401cec                __aeabi_uldivmod
 .text          0x00401d1c      0x2dc c:/program files (x86)/atmel/studio/7.0/toolchain/arm/arm-gnu-toolchain/bin/../lib/gcc/arm-none-eabi/6.3.1/thumb/v7e-m\libgcc.a(_udivmoddi4.o)
                0x00401d1c                __udivmoddi4
 .text          0x00401ff8        0x4 c:/program files (x86)/atmel/studio/7.0/toolchain/arm/arm-gnu-toolchain/bin/../lib/gcc/arm-none-eabi/6.3.1/thumb/v7e-m\libgcc.a(_dvmd_tls.o)
                0x00401ff8                __aeabi_idiv0
                0x00401ff8                __aeabi_ldiv0
 .text.__libc_init_array
                0x00401ffc       0x50 c:/program files (x86)/atmel/studio/7.0/toolchain/arm/arm-gnu-toolchain/bin/../lib/gcc/arm-none-eabi/6.3.1/../../../../arm-none-eabi/lib/thumb/v7e-m\libc.a(lib_a-init.o)
                0x00401ffc                __libc_init_array
 .text.iprintf  0x0040204c       0x28 c:/program files (x86)/atmel/studio/7.0/toolchain/arm/arm-gnu-toolchain/bin/../lib/gcc/arm-none-eabi/6.3.1/../../../../arm-none-eabi/lib/thumb/v7e-m\libc.a(lib_a-iprintf.o)
                0x0040204c                iprintf
 .text.iscanf   0x00402074       0x28 c:/program files (x86)/atmel/studio/7.0/toolchain/arm/arm-gnu-toolchain/bin/../lib/gcc/arm-none-eabi/6.3.1/../../../../arm-none-eabi/lib/thumb/v7e-m\libc.a(lib_a-iscanf.o)
                0x00402074                iscanf
 .text.memset   0x0040209c       0x9c c:/program files (x86)/atmel/studio/7.0/toolchain/arm/arm-gnu-toolchain/bin/../lib/gcc/arm-none-eabi/6.3.1/../../../../arm-none-eabi/lib/thumb/v7e-m\libc.a(lib_a-memset.o)
                0x0040209c                memset
 .text.setbuf   0x00402138       0x10 c:/program files (x86)/atmel/studio/7.0/toolchain/arm/arm-gnu-toolchain/bin/../lib/gcc/arm-none-eabi/6.3.1/../../../../arm-none-eabi/lib/thumb/v7e-m\libc.a(lib_a-setbuf.o)
                0x00402138                setbuf
 .text.setvbuf  0x00402148      0x190 c:/program files (x86)/atmel/studio/7.0/toolchain/arm/arm-gnu-toolchain/bin/../lib/gcc/arm-none-eabi/6.3.1/../../../../arm-none-eabi/lib/thumb/v7e-m\libc.a(lib_a-setvbuf.o)
                0x00402148                setvbuf
 .text.__sprint_r.part.0
                0x004022d8       0x80 c:/program files (x86)/atmel/studio/7.0/toolchain/arm/arm-gnu-toolchain/bin/../lib/gcc/arm-none-eabi/6.3.1/../../../../arm-none-eabi/lib/thumb/v7e-m\libc.a(lib_a-vfiprintf.o)
 .text._vfiprintf_r
                0x00402358      0xc90 c:/program files (x86)/atmel/studio/7.0/toolchain/arm/arm-gnu-toolchain/bin/../lib/gcc/arm-none-eabi/6.3.1/../../../../arm-none-eabi/lib/thumb/v7e-m\libc.a(lib_a-vfiprintf.o)
                0x00402358                _vfiprintf_r
 .text.__sbprintf
                0x00402fe8       0x84 c:/program files (x86)/atmel/studio/7.0/toolchain/arm/arm-gnu-toolchain/bin/../lib/gcc/arm-none-eabi/6.3.1/../../../../arm-none-eabi/lib/thumb/v7e-m\libc.a(lib_a-vfiprintf.o)
 .text.__svfiscanf_r
                0x0040306c      0xa14 c:/program files (x86)/atmel/studio/7.0/toolchain/arm/arm-gnu-toolchain/bin/../lib/gcc/arm-none-eabi/6.3.1/../../../../arm-none-eabi/lib/thumb/v7e-m\libc.a(lib_a-vfiscanf.o)
                0x0040306c                __svfiscanf_r
 .text.__swsetup_r
                0x00403a80       0xc8 c:/program files (x86)/atmel/studio/7.0/toolchain/arm/arm-gnu-toolchain/bin/../lib/gcc/arm-none-eabi/6.3.1/../../../../arm-none-eabi/lib/thumb/v7e-m\libc.a(lib_a-wsetup.o)
                0x00403a80                __swsetup_r
 .text.startup.register_fini
                0x00403b48       0x14 c:/program files (x86)/atmel/studio/7.0/toolchain/arm/arm-gnu-toolchain/bin/../lib/gcc/arm-none-eabi/6.3.1/../../../../arm-none-eabi/lib/thumb/v7e-m\libc.a(lib_a-__call_atexit.o)
 .text.atexit   0x00403b5c        0xc c:/program files (x86)/atmel/studio/7.0/toolchain/arm/arm-gnu-toolchain/bin/../lib/gcc/arm-none-eabi/6.3.1/../../../../arm-none-eabi/lib/thumb/v7e-m\libc.a(lib_a-atexit.o)
                0x00403b5c                atexit
 .text.__sflush_r
                0x00403b68      0x140 c:/program files (x86)/atmel/studio/7.0/toolchain/arm/arm-gnu-toolchain/bin/../lib/gcc/arm-none-eabi/6.3.1/../../../../arm-none-eabi/lib/thumb/v7e-m\libc.a(lib_a-fflush.o)
                0x00403b68                __sflush_r
 .text._fflush_r
                0x00403ca8       0x54 c:/program files (x86)/atmel/studio/7.0/toolchain/arm/arm-gnu-toolchain/bin/../lib/gcc/arm-none-eabi/6.3.1/../../../../arm-none-eabi/lib/thumb/v7e-m\libc.a(lib_a-fflush.o)
                0x00403ca8                _fflush_r
 .text.fflush   0x00403cfc       0x24 c:/program files (x86)/atmel/studio/7.0/toolchain/arm/arm-gnu-toolchain/bin/../lib/gcc/arm-none-eabi/6.3.1/../../../../arm-none-eabi/lib/thumb/v7e-m\libc.a(lib_a-fflush.o)
                0x00403cfc                fflush
 .text._cleanup_r
                0x00403d20        0xc c:/program files (x86)/atmel/studio/7.0/toolchain/arm/arm-gnu-toolchain/bin/../lib/gcc/arm-none-eabi/6.3.1/../../../../arm-none-eabi/lib/thumb/v7e-m\libc.a(lib_a-findfp.o)
                0x00403d20                _cleanup_r
 .text.std.isra.0
                0x00403d2c       0x50 c:/program files (x86)/atmel/studio/7.0/toolchain/arm/arm-gnu-toolchain/bin/../lib/gcc/arm-none-eabi/6.3.1/../../../../arm-none-eabi/lib/thumb/v7e-m\libc.a(lib_a-findfp.o)
 .text.__sinit  0x00403d7c       0x58 c:/program files (x86)/atmel/studio/7.0/toolchain/arm/arm-gnu-toolchain/bin/../lib/gcc/arm-none-eabi/6.3.1/../../../../arm-none-eabi/lib/thumb/v7e-m\libc.a(lib_a-findfp.o)
                0x00403d7c                __sinit
 .text.__sfp_lock_acquire
                0x00403dd4        0xc c:/program files (x86)/atmel/studio/7.0/toolchain/arm/arm-gnu-toolchain/bin/../lib/gcc/arm-none-eabi/6.3.1/../../../../arm-none-eabi/lib/thumb/v7e-m\libc.a(lib_a-findfp.o)
                0x00403dd4                __sfp_lock_acquire
 .text.__sfp_lock_release
                0x00403de0        0xc c:/program files (x86)/atmel/studio/7.0/toolchain/arm/arm-gnu-toolchain/bin/../lib/gcc/arm-none-eabi/6.3.1/../../../../arm-none-eabi/lib/thumb/v7e-m\libc.a(lib_a-findfp.o)
                0x00403de0                __sfp_lock_release
 .text.__libc_fini_array
                0x00403dec       0x34 c:/program files (x86)/atmel/studio/7.0/toolchain/arm/arm-gnu-toolchain/bin/../lib/gcc/arm-none-eabi/6.3.1/../../../../arm-none-eabi/lib/thumb/v7e-m\libc.a(lib_a-fini.o)
                0x00403dec                __libc_fini_array
 .text.__fputwc
                0x00403e20       0xa0 c:/program files (x86)/atmel/studio/7.0/toolchain/arm/arm-gnu-toolchain/bin/../lib/gcc/arm-none-eabi/6.3.1/../../../../arm-none-eabi/lib/thumb/v7e-m\libc.a(lib_a-fputwc.o)
                0x00403e20                __fputwc
 .text._fputwc_r
                0x00403ec0       0x68 c:/program files (x86)/atmel/studio/7.0/toolchain/arm/arm-gnu-toolchain/bin/../lib/gcc/arm-none-eabi/6.3.1/../../../../arm-none-eabi/lib/thumb/v7e-m\libc.a(lib_a-fputwc.o)
                0x00403ec0                _fputwc_r
 .text._fread_r
                0x00403f28      0x1c4 c:/program files (x86)/atmel/studio/7.0/toolchain/arm/arm-gnu-toolchain/bin/../lib/gcc/arm-none-eabi/6.3.1/../../../../arm-none-eabi/lib/thumb/v7e-m\libc.a(lib_a-fread.o)
                0x00403f28                _fread_r
 .text._malloc_trim_r
                0x004040ec       0xa0 c:/program files (x86)/atmel/studio/7.0/toolchain/arm/arm-gnu-toolchain/bin/../lib/gcc/arm-none-eabi/6.3.1/../../../../arm-none-eabi/lib/thumb/v7e-m\libc.a(lib_a-freer.o)
                0x004040ec                _malloc_trim_r
 .text._free_r  0x0040418c      0x1cc c:/program files (x86)/atmel/studio/7.0/toolchain/arm/arm-gnu-toolchain/bin/../lib/gcc/arm-none-eabi/6.3.1/../../../../arm-none-eabi/lib/thumb/v7e-m\libc.a(lib_a-freer.o)
                0x0040418c                _free_r
 .text.__sfvwrite_r
                0x00404358      0x2f0 c:/program files (x86)/atmel/studio/7.0/toolchain/arm/arm-gnu-toolchain/bin/../lib/gcc/arm-none-eabi/6.3.1/../../../../arm-none-eabi/lib/thumb/v7e-m\libc.a(lib_a-fvwrite.o)
                0x00404358                __sfvwrite_r
 .text._fwalk   0x00404648       0x4c c:/program files (x86)/atmel/studio/7.0/toolchain/arm/arm-gnu-toolchain/bin/../lib/gcc/arm-none-eabi/6.3.1/../../../../arm-none-eabi/lib/thumb/v7e-m\libc.a(lib_a-fwalk.o)
                0x00404648                _fwalk
 .text._fwalk_reent
                0x00404694       0x54 c:/program files (x86)/atmel/studio/7.0/toolchain/arm/arm-gnu-toolchain/bin/../lib/gcc/arm-none-eabi/6.3.1/../../../../arm-none-eabi/lib/thumb/v7e-m\libc.a(lib_a-fwalk.o)
                0x00404694                _fwalk_reent
 .text.iswspace
                0x004046e8       0x1c c:/program files (x86)/atmel/studio/7.0/toolchain/arm/arm-gnu-toolchain/bin/../lib/gcc/arm-none-eabi/6.3.1/../../../../arm-none-eabi/lib/thumb/v7e-m\libc.a(lib_a-iswspace.o)
                0x004046e8                iswspace
 .text.__locale_mb_cur_max
                0x00404704       0x1c c:/program files (x86)/atmel/studio/7.0/toolchain/arm/arm-gnu-toolchain/bin/../lib/gcc/arm-none-eabi/6.3.1/../../../../arm-none-eabi/lib/thumb/v7e-m\libc.a(lib_a-locale.o)
                0x00404704                __locale_mb_cur_max
 .text.__locale_ctype_ptr_l
                0x00404720        0x8 c:/program files (x86)/atmel/studio/7.0/toolchain/arm/arm-gnu-toolchain/bin/../lib/gcc/arm-none-eabi/6.3.1/../../../../arm-none-eabi/lib/thumb/v7e-m\libc.a(lib_a-locale.o)
                0x00404720                __locale_ctype_ptr_l
 .text.__locale_ctype_ptr
                0x00404728       0x1c c:/program files (x86)/atmel/studio/7.0/toolchain/arm/arm-gnu-toolchain/bin/../lib/gcc/arm-none-eabi/6.3.1/../../../../arm-none-eabi/lib/thumb/v7e-m\libc.a(lib_a-locale.o)
                0x00404728                __locale_ctype_ptr
 .text.__retarget_lock_init_recursive
                0x00404744        0x4 c:/program files (x86)/atmel/studio/7.0/toolchain/arm/arm-gnu-toolchain/bin/../lib/gcc/arm-none-eabi/6.3.1/../../../../arm-none-eabi/lib/thumb/v7e-m\libc.a(lib_a-lock.o)
                0x00404744                __retarget_lock_init_recursive
 .text.__retarget_lock_close_recursive
                0x00404748        0x4 c:/program files (x86)/atmel/studio/7.0/toolchain/arm/arm-gnu-toolchain/bin/../lib/gcc/arm-none-eabi/6.3.1/../../../../arm-none-eabi/lib/thumb/v7e-m\libc.a(lib_a-lock.o)
                0x00404748                __retarget_lock_close_recursive
 .text.__retarget_lock_acquire_recursive
                0x0040474c        0x4 c:/program files (x86)/atmel/studio/7.0/toolchain/arm/arm-gnu-toolchain/bin/../lib/gcc/arm-none-eabi/6.3.1/../../../../arm-none-eabi/lib/thumb/v7e-m\libc.a(lib_a-lock.o)
                0x0040474c                __retarget_lock_acquire_recursive
 .text.__retarget_lock_release_recursive
                0x00404750        0x4 c:/program files (x86)/atmel/studio/7.0/toolchain/arm/arm-gnu-toolchain/bin/../lib/gcc/arm-none-eabi/6.3.1/../../../../arm-none-eabi/lib/thumb/v7e-m\libc.a(lib_a-lock.o)
                0x00404750                __retarget_lock_release_recursive
 .text.__swhatbuf_r
                0x00404754       0x5c c:/program files (x86)/atmel/studio/7.0/toolchain/arm/arm-gnu-toolchain/bin/../lib/gcc/arm-none-eabi/6.3.1/../../../../arm-none-eabi/lib/thumb/v7e-m\libc.a(lib_a-makebuf.o)
                0x00404754                __swhatbuf_r
 .text.__smakebuf_r
                0x004047b0       0x94 c:/program files (x86)/atmel/studio/7.0/toolchain/arm/arm-gnu-toolchain/bin/../lib/gcc/arm-none-eabi/6.3.1/../../../../arm-none-eabi/lib/thumb/v7e-m\libc.a(lib_a-makebuf.o)
                0x004047b0                __smakebuf_r
 .text.malloc   0x00404844       0x10 c:/program files (x86)/atmel/studio/7.0/toolchain/arm/arm-gnu-toolchain/bin/../lib/gcc/arm-none-eabi/6.3.1/../../../../arm-none-eabi/lib/thumb/v7e-m\libc.a(lib_a-malloc.o)
                0x00404844                malloc
 .text._malloc_r
                0x00404854      0x560 c:/program files (x86)/atmel/studio/7.0/toolchain/arm/arm-gnu-toolchain/bin/../lib/gcc/arm-none-eabi/6.3.1/../../../../arm-none-eabi/lib/thumb/v7e-m\libc.a(lib_a-mallocr.o)
                0x00404854                _malloc_r
 .text._mbrtowc_r
                0x00404db4       0x5c c:/program files (x86)/atmel/studio/7.0/toolchain/arm/arm-gnu-toolchain/bin/../lib/gcc/arm-none-eabi/6.3.1/../../../../arm-none-eabi/lib/thumb/v7e-m\libc.a(lib_a-mbrtowc.o)
                0x00404db4                _mbrtowc_r
 .text.__ascii_mbtowc
                0x00404e10       0x2c c:/program files (x86)/atmel/studio/7.0/toolchain/arm/arm-gnu-toolchain/bin/../lib/gcc/arm-none-eabi/6.3.1/../../../../arm-none-eabi/lib/thumb/v7e-m\libc.a(lib_a-mbtowc_r.o)
                0x00404e10                __ascii_mbtowc
 *fill*         0x00404e3c        0x4 
 .text          0x00404e40       0xa0 c:/program files (x86)/atmel/studio/7.0/toolchain/arm/arm-gnu-toolchain/bin/../lib/gcc/arm-none-eabi/6.3.1/../../../../arm-none-eabi/lib/thumb/v7e-m\libc.a(lib_a-memchr.o)
                0x00404e40                memchr
 .text          0x00404ee0      0x134 c:/program files (x86)/atmel/studio/7.0/toolchain/arm/arm-gnu-toolchain/bin/../lib/gcc/arm-none-eabi/6.3.1/../../../../arm-none-eabi/lib/thumb/v7e-m\libc.a(lib_a-memcpy.o)
                0x00404ee0                memcpy
 .text.memmove  0x00405014       0xc8 c:/program files (x86)/atmel/studio/7.0/toolchain/arm/arm-gnu-toolchain/bin/../lib/gcc/arm-none-eabi/6.3.1/../../../../arm-none-eabi/lib/thumb/v7e-m\libc.a(lib_a-memmove.o)
                0x00405014                memmove
 .text.__malloc_lock
                0x004050dc        0xc c:/program files (x86)/atmel/studio/7.0/toolchain/arm/arm-gnu-toolchain/bin/../lib/gcc/arm-none-eabi/6.3.1/../../../../arm-none-eabi/lib/thumb/v7e-m\libc.a(lib_a-mlock.o)
                0x004050dc                __malloc_lock
 .text.__malloc_unlock
                0x004050e8        0xc c:/program files (x86)/atmel/studio/7.0/toolchain/arm/arm-gnu-toolchain/bin/../lib/gcc/arm-none-eabi/6.3.1/../../../../arm-none-eabi/lib/thumb/v7e-m\libc.a(lib_a-mlock.o)
                0x004050e8                __malloc_unlock
 .text._realloc_r
                0x004050f4      0x34c c:/program files (x86)/atmel/studio/7.0/toolchain/arm/arm-gnu-toolchain/bin/../lib/gcc/arm-none-eabi/6.3.1/../../../../arm-none-eabi/lib/thumb/v7e-m\libc.a(lib_a-reallocr.o)
                0x004050f4                _realloc_r
 .text.lflush   0x00405440       0x14 c:/program files (x86)/atmel/studio/7.0/toolchain/arm/arm-gnu-toolchain/bin/../lib/gcc/arm-none-eabi/6.3.1/../../../../arm-none-eabi/lib/thumb/v7e-m\libc.a(lib_a-refill.o)
 .text.__srefill_r
                0x00405454      0x114 c:/program files (x86)/atmel/studio/7.0/toolchain/arm/arm-gnu-toolchain/bin/../lib/gcc/arm-none-eabi/6.3.1/../../../../arm-none-eabi/lib/thumb/v7e-m\libc.a(lib_a-refill.o)
                0x00405454                __srefill_r
 .text._sbrk_r  0x00405568       0x24 c:/program files (x86)/atmel/studio/7.0/toolchain/arm/arm-gnu-toolchain/bin/../lib/gcc/arm-none-eabi/6.3.1/../../../../arm-none-eabi/lib/thumb/v7e-m\libc.a(lib_a-sbrkr.o)
                0x00405568                _sbrk_r
 .text.__sccl   0x0040558c       0x74 c:/program files (x86)/atmel/studio/7.0/toolchain/arm/arm-gnu-toolchain/bin/../lib/gcc/arm-none-eabi/6.3.1/../../../../arm-none-eabi/lib/thumb/v7e-m\libc.a(lib_a-sccl.o)
                0x0040558c                __sccl
 .text.__sread  0x00405600       0x24 c:/program files (x86)/atmel/studio/7.0/toolchain/arm/arm-gnu-toolchain/bin/../lib/gcc/arm-none-eabi/6.3.1/../../../../arm-none-eabi/lib/thumb/v7e-m\libc.a(lib_a-stdio.o)
                0x00405600                __sread
 .text.__swrite
                0x00405624       0x3c c:/program files (x86)/atmel/studio/7.0/toolchain/arm/arm-gnu-toolchain/bin/../lib/gcc/arm-none-eabi/6.3.1/../../../../arm-none-eabi/lib/thumb/v7e-m\libc.a(lib_a-stdio.o)
                0x00405624                __swrite
 .text.__sseek  0x00405660       0x20 c:/program files (x86)/atmel/studio/7.0/toolchain/arm/arm-gnu-toolchain/bin/../lib/gcc/arm-none-eabi/6.3.1/../../../../arm-none-eabi/lib/thumb/v7e-m\libc.a(lib_a-stdio.o)
                0x00405660                __sseek
 .text.__sclose
                0x00405680        0x8 c:/program files (x86)/atmel/studio/7.0/toolchain/arm/arm-gnu-toolchain/bin/../lib/gcc/arm-none-eabi/6.3.1/../../../../arm-none-eabi/lib/thumb/v7e-m\libc.a(lib_a-stdio.o)
                0x00405680                __sclose
 *fill*         0x00405688       0x38 
 .text          0x004056c0       0xdc c:/program files (x86)/atmel/studio/7.0/toolchain/arm/arm-gnu-toolchain/bin/../lib/gcc/arm-none-eabi/6.3.1/../../../../arm-none-eabi/lib/thumb/v7e-m\libc.a(lib_a-strlen.o)
                0x004056c0                strlen
 .text._strtol_l.isra.0
                0x0040579c      0x128 c:/program files (x86)/atmel/studio/7.0/toolchain/arm/arm-gnu-toolchain/bin/../lib/gcc/arm-none-eabi/6.3.1/../../../../arm-none-eabi/lib/thumb/v7e-m\libc.a(lib_a-strtol.o)
 .text._strtol_r
                0x004058c4       0x24 c:/program files (x86)/atmel/studio/7.0/toolchain/arm/arm-gnu-toolchain/bin/../lib/gcc/arm-none-eabi/6.3.1/../../../../arm-none-eabi/lib/thumb/v7e-m\libc.a(lib_a-strtol.o)
                0x004058c4                _strtol_r
 .text._strtoll_l.isra.0
                0x004058e8      0x19c c:/program files (x86)/atmel/studio/7.0/toolchain/arm/arm-gnu-toolchain/bin/../lib/gcc/arm-none-eabi/6.3.1/../../../../arm-none-eabi/lib/thumb/v7e-m\libc.a(lib_a-strtoll.o)
 .text._strtoll_r
                0x00405a84       0x24 c:/program files (x86)/atmel/studio/7.0/toolchain/arm/arm-gnu-toolchain/bin/../lib/gcc/arm-none-eabi/6.3.1/../../../../arm-none-eabi/lib/thumb/v7e-m\libc.a(lib_a-strtoll.o)
                0x00405a84                _strtoll_r
 .text._strtoul_l.isra.0
                0x00405aa8      0x148 c:/program files (x86)/atmel/studio/7.0/toolchain/arm/arm-gnu-toolchain/bin/../lib/gcc/arm-none-eabi/6.3.1/../../../../arm-none-eabi/lib/thumb/v7e-m\libc.a(lib_a-strtoul.o)
 .text._strtoul_r
                0x00405bf0       0x24 c:/program files (x86)/atmel/studio/7.0/toolchain/arm/arm-gnu-toolchain/bin/../lib/gcc/arm-none-eabi/6.3.1/../../../../arm-none-eabi/lib/thumb/v7e-m\libc.a(lib_a-strtoul.o)
                0x00405bf0                _strtoul_r
 .text._strtoull_l.isra.0
                0x00405c14      0x1bc c:/program files (x86)/atmel/studio/7.0/toolchain/arm/arm-gnu-toolchain/bin/../lib/gcc/arm-none-eabi/6.3.1/../../../../arm-none-eabi/lib/thumb/v7e-m\libc.a(lib_a-strtoull.o)
 .text._strtoull_r
                0x00405dd0       0x24 c:/program files (x86)/atmel/studio/7.0/toolchain/arm/arm-gnu-toolchain/bin/../lib/gcc/arm-none-eabi/6.3.1/../../../../arm-none-eabi/lib/thumb/v7e-m\libc.a(lib_a-strtoull.o)
                0x00405dd0                _strtoull_r
 .text.__submore
                0x00405df4       0x78 c:/program files (x86)/atmel/studio/7.0/toolchain/arm/arm-gnu-toolchain/bin/../lib/gcc/arm-none-eabi/6.3.1/../../../../arm-none-eabi/lib/thumb/v7e-m\libc.a(lib_a-ungetc.o)
                0x00405df4                __submore
 .text._ungetc_r
                0x00405e6c      0x138 c:/program files (x86)/atmel/studio/7.0/toolchain/arm/arm-gnu-toolchain/bin/../lib/gcc/arm-none-eabi/6.3.1/../../../../arm-none-eabi/lib/thumb/v7e-m\libc.a(lib_a-ungetc.o)
                0x00405e6c                _ungetc_r
 .text.__swbuf_r
                0x00405fa4       0xb0 c:/program files (x86)/atmel/studio/7.0/toolchain/arm/arm-gnu-toolchain/bin/../lib/gcc/arm-none-eabi/6.3.1/../../../../arm-none-eabi/lib/thumb/v7e-m\libc.a(lib_a-wbuf.o)
                0x00405fa4                __swbuf_r
 .text._wcrtomb_r
                0x00406054       0x54 c:/program files (x86)/atmel/studio/7.0/toolchain/arm/arm-gnu-toolchain/bin/../lib/gcc/arm-none-eabi/6.3.1/../../../../arm-none-eabi/lib/thumb/v7e-m\libc.a(lib_a-wcrtomb.o)
                0x00406054                _wcrtomb_r
 .text.__ascii_wctomb
                0x004060a8       0x1c c:/program files (x86)/atmel/studio/7.0/toolchain/arm/arm-gnu-toolchain/bin/../lib/gcc/arm-none-eabi/6.3.1/../../../../arm-none-eabi/lib/thumb/v7e-m\libc.a(lib_a-wctomb_r.o)
                0x004060a8                __ascii_wctomb
 .text._write_r
                0x004060c4       0x2c c:/program files (x86)/atmel/studio/7.0/toolchain/arm/arm-gnu-toolchain/bin/../lib/gcc/arm-none-eabi/6.3.1/../../../../arm-none-eabi/lib/thumb/v7e-m\libc.a(lib_a-writer.o)
                0x004060c4                _write_r
 .text.__register_exitproc
                0x004060f0       0xc4 c:/program files (x86)/atmel/studio/7.0/toolchain/arm/arm-gnu-toolchain/bin/../lib/gcc/arm-none-eabi/6.3.1/../../../../arm-none-eabi/lib/thumb/v7e-m\libc.a(lib_a-__atexit.o)
                0x004060f0                __register_exitproc
 .text._close_r
                0x004061b4       0x24 c:/program files (x86)/atmel/studio/7.0/toolchain/arm/arm-gnu-toolchain/bin/../lib/gcc/arm-none-eabi/6.3.1/../../../../arm-none-eabi/lib/thumb/v7e-m\libc.a(lib_a-closer.o)
                0x004061b4                _close_r
 .text._fclose_r
                0x004061d8       0xc4 c:/program files (x86)/atmel/studio/7.0/toolchain/arm/arm-gnu-toolchain/bin/../lib/gcc/arm-none-eabi/6.3.1/../../../../arm-none-eabi/lib/thumb/v7e-m\libc.a(lib_a-fclose.o)
                0x004061d8                _fclose_r
 .text._fstat_r
                0x0040629c       0x28 c:/program files (x86)/atmel/studio/7.0/toolchain/arm/arm-gnu-toolchain/bin/../lib/gcc/arm-none-eabi/6.3.1/../../../../arm-none-eabi/lib/thumb/v7e-m\libc.a(lib_a-fstatr.o)
                0x0040629c                _fstat_r
 .text._isatty_r
                0x004062c4       0x24 c:/program files (x86)/atmel/studio/7.0/toolchain/arm/arm-gnu-toolchain/bin/../lib/gcc/arm-none-eabi/6.3.1/../../../../arm-none-eabi/lib/thumb/v7e-m\libc.a(lib_a-isattyr.o)
                0x004062c4                _isatty_r
 .text._lseek_r
                0x004062e8       0x2c c:/program files (x86)/atmel/studio/7.0/toolchain/arm/arm-gnu-toolchain/bin/../lib/gcc/arm-none-eabi/6.3.1/../../../../arm-none-eabi/lib/thumb/v7e-m\libc.a(lib_a-lseekr.o)
                0x004062e8                _lseek_r
 .text._read_r  0x00406314       0x2c c:/program files (x86)/atmel/studio/7.0/toolchain/arm/arm-gnu-toolchain/bin/../lib/gcc/arm-none-eabi/6.3.1/../../../../arm-none-eabi/lib/thumb/v7e-m\libc.a(lib_a-readr.o)
                0x00406314                _read_r
 *(.glue_7t)
 .glue_7t       0x00406340        0x0 linker stubs
 *(.glue_7)
 .glue_7        0x00406340        0x0 linker stubs
 *(.rodata .rodata* .gnu.linkonce.r.*)
 .rodata.MCAN1_INT0_Handler.str1.4
                0x00406340      0x1da src/can/can_controller.o
                                0x1e2 (size before relaxing)
 *fill*         0x0040651a        0x2 
 .rodata.CMD_MODULE_DEFINITIONS
                0x0040651c       0x24 src/commands_module.o
 .rodata.CMD_MODULE_LIST
                0x00406540        0xc src/commands_module.o
                0x00406540                CMD_MODULE_LIST
 .rodata.TC0_Handler.str1.4
                0x0040654c        0x7 src/config/conf_telemetry.o
 *fill*         0x00406553        0x1 
 .rodata.telemetry_get.str1.4
                0x00406554       0xe7 src/telemetry.o
 *fill*         0x0040663b        0x1 
 .rodata.main.str1.4
                0x0040663c      0x3c1 src/qs_mcan_fd.o
 *fill*         0x004069fd        0x3 
 .rodata._global_impure_ptr
                0x00406a00        0x4 c:/program files (x86)/atmel/studio/7.0/toolchain/arm/arm-gnu-toolchain/bin/../lib/gcc/arm-none-eabi/6.3.1/../../../../arm-none-eabi/lib/thumb/v7e-m\libc.a(lib_a-impure.o)
                0x00406a00                _global_impure_ptr
 .rodata._vfiprintf_r.str1.4
                0x00406a04       0x2f c:/program files (x86)/atmel/studio/7.0/toolchain/arm/arm-gnu-toolchain/bin/../lib/gcc/arm-none-eabi/6.3.1/../../../../arm-none-eabi/lib/thumb/v7e-m\libc.a(lib_a-vfiprintf.o)
 *fill*         0x00406a33        0x1 
 .rodata.blanks.7217
                0x00406a34       0x10 c:/program files (x86)/atmel/studio/7.0/toolchain/arm/arm-gnu-toolchain/bin/../lib/gcc/arm-none-eabi/6.3.1/../../../../arm-none-eabi/lib/thumb/v7e-m\libc.a(lib_a-vfiprintf.o)
 .rodata.zeroes.7218
                0x00406a44       0x10 c:/program files (x86)/atmel/studio/7.0/toolchain/arm/arm-gnu-toolchain/bin/../lib/gcc/arm-none-eabi/6.3.1/../../../../arm-none-eabi/lib/thumb/v7e-m\libc.a(lib_a-vfiprintf.o)
 .rodata.basefix.6805
                0x00406a54       0x22 c:/program files (x86)/atmel/studio/7.0/toolchain/arm/arm-gnu-toolchain/bin/../lib/gcc/arm-none-eabi/6.3.1/../../../../arm-none-eabi/lib/thumb/v7e-m\libc.a(lib_a-vfiscanf.o)
 *fill*         0x00406a76        0x2 
 .rodata._setlocale_r.str1.4
                0x00406a78        0xa c:/program files (x86)/atmel/studio/7.0/toolchain/arm/arm-gnu-toolchain/bin/../lib/gcc/arm-none-eabi/6.3.1/../../../../arm-none-eabi/lib/thumb/v7e-m\libc.a(lib_a-locale.o)
                                  0xd (size before relaxing)
 *fill*         0x00406a82        0x2 
 .rodata.str1.4
                0x00406a84        0x4 c:/program files (x86)/atmel/studio/7.0/toolchain/arm/arm-gnu-toolchain/bin/../lib/gcc/arm-none-eabi/6.3.1/../../../../arm-none-eabi/lib/thumb/v7e-m\libc.a(lib_a-locale.o)
                                  0x2 (size before relaxing)
 .rodata._mbrtowc_r.str1.4
                0x00406a88        0x1 c:/program files (x86)/atmel/studio/7.0/toolchain/arm/arm-gnu-toolchain/bin/../lib/gcc/arm-none-eabi/6.3.1/../../../../arm-none-eabi/lib/thumb/v7e-m\libc.a(lib_a-mbrtowc.o)
 .rodata._ctype_
                0x00406a88      0x101 c:/program files (x86)/atmel/studio/7.0/toolchain/arm/arm-gnu-toolchain/bin/../lib/gcc/arm-none-eabi/6.3.1/../../../../arm-none-eabi/lib/thumb/v7e-m\libc.a(lib_a-ctype_.o)
                0x00406a88                _ctype_
 *(.ARM.extab* .gnu.linkonce.armextab.*)
                0x00406b8c                . = ALIGN (0x4)
 *fill*         0x00406b89        0x3 
 *(.init)
 .init          0x00406b8c        0x4 c:/program files (x86)/atmel/studio/7.0/toolchain/arm/arm-gnu-toolchain/bin/../lib/gcc/arm-none-eabi/6.3.1/thumb/v7e-m/crti.o
                0x00406b8c                _init
 .init          0x00406b90        0x8 c:/program files (x86)/atmel/studio/7.0/toolchain/arm/arm-gnu-toolchain/bin/../lib/gcc/arm-none-eabi/6.3.1/thumb/v7e-m/crtn.o
                0x00406b98                . = ALIGN (0x4)
                0x00406b98                __preinit_array_start = .
 *(.preinit_array)
                0x00406b98                __preinit_array_end = .
                0x00406b98                . = ALIGN (0x4)
                0x00406b98                __init_array_start = .
 *(SORT(.init_array.*))
 .init_array.00000
                0x00406b98        0x4 c:/program files (x86)/atmel/studio/7.0/toolchain/arm/arm-gnu-toolchain/bin/../lib/gcc/arm-none-eabi/6.3.1/../../../../arm-none-eabi/lib/thumb/v7e-m\libc.a(lib_a-__call_atexit.o)
 *(.init_array)
 .init_array    0x00406b9c        0x4 c:/program files (x86)/atmel/studio/7.0/toolchain/arm/arm-gnu-toolchain/bin/../lib/gcc/arm-none-eabi/6.3.1/thumb/v7e-m/crtbegin.o
                0x00406ba0                __init_array_end = .
                0x00406ba0                . = ALIGN (0x4)
 *crtbegin.o(.ctors)
 *(EXCLUDE_FILE(*crtend.o) .ctors)
 *(SORT(.ctors.*))
 *crtend.o(.ctors)
                0x00406ba0                . = ALIGN (0x4)
 *(.fini)
 .fini          0x00406ba0        0x4 c:/program files (x86)/atmel/studio/7.0/toolchain/arm/arm-gnu-toolchain/bin/../lib/gcc/arm-none-eabi/6.3.1/thumb/v7e-m/crti.o
                0x00406ba0                _fini
 .fini          0x00406ba4        0x8 c:/program files (x86)/atmel/studio/7.0/toolchain/arm/arm-gnu-toolchain/bin/../lib/gcc/arm-none-eabi/6.3.1/thumb/v7e-m/crtn.o
                0x00406bac                . = ALIGN (0x4)
                0x00406bac                __fini_array_start = .
 *(.fini_array)
 .fini_array    0x00406bac        0x4 c:/program files (x86)/atmel/studio/7.0/toolchain/arm/arm-gnu-toolchain/bin/../lib/gcc/arm-none-eabi/6.3.1/thumb/v7e-m/crtbegin.o
 *(SORT(.fini_array.*))
                0x00406bb0                __fini_array_end = .
 *crtbegin.o(.dtors)
 *(EXCLUDE_FILE(*crtend.o) .dtors)
 *(SORT(.dtors.*))
 *crtend.o(.dtors)
                0x00406bb0                . = ALIGN (0x4)
                0x00406bb0                _efixed = .
                [!provide]                PROVIDE (__exidx_start, .)

.vfp11_veneer   0x00406bb0        0x0
 .vfp11_veneer  0x00406bb0        0x0 linker stubs

.v4_bx          0x00406bb0        0x0
 .v4_bx         0x00406bb0        0x0 linker stubs

.iplt           0x00406bb0        0x0
 .iplt          0x00406bb0        0x0 c:/program files (x86)/atmel/studio/7.0/toolchain/arm/arm-gnu-toolchain/bin/../lib/gcc/arm-none-eabi/6.3.1/thumb/v7e-m/crtbegin.o

.ARM.exidx      0x00406bb0        0x8
 *(.ARM.exidx* .gnu.linkonce.armexidx.*)
 .ARM.exidx     0x00406bb0        0x8 c:/program files (x86)/atmel/studio/7.0/toolchain/arm/arm-gnu-toolchain/bin/../lib/gcc/arm-none-eabi/6.3.1/thumb/v7e-m\libgcc.a(_udivmoddi4.o)
                [!provide]                PROVIDE (__exidx_end, .)

.eh_frame       0x00406bb8        0x0
 .eh_frame      0x00406bb8        0x0 c:/program files (x86)/atmel/studio/7.0/toolchain/arm/arm-gnu-toolchain/bin/../lib/gcc/arm-none-eabi/6.3.1/thumb/v7e-m/crtbegin.o

.rel.dyn        0x00406bb8        0x0
 .rel.iplt      0x00406bb8        0x0 c:/program files (x86)/atmel/studio/7.0/toolchain/arm/arm-gnu-toolchain/bin/../lib/gcc/arm-none-eabi/6.3.1/thumb/v7e-m/crtbegin.o

.jcr            0x00406bb8        0x0
 .jcr           0x00406bb8        0x0 c:/program files (x86)/atmel/studio/7.0/toolchain/arm/arm-gnu-toolchain/bin/../lib/gcc/arm-none-eabi/6.3.1/thumb/v7e-m/crtbegin.o

.igot.plt       0x00406bb8        0x0
 .igot.plt      0x00406bb8        0x0 c:/program files (x86)/atmel/studio/7.0/toolchain/arm/arm-gnu-toolchain/bin/../lib/gcc/arm-none-eabi/6.3.1/thumb/v7e-m/crtbegin.o
                0x00406bb8                . = ALIGN (0x4)
                0x00406bb8                _etext = .

.relocate       0x20400000      0x9d8 load address 0x00406bb8
                0x20400000                . = ALIGN (0x4)
                0x20400000                _srelocate = .
 *(.ramfunc .ramfunc.*)
 *(.data .data.*)
 .data.TELEMETRY_TICKER
                0x20400000       0x20 src/config/conf_telemetry.o
                0x20400000                TELEMETRY_TICKER
 .data.g_interrupt_enabled
                0x20400020        0x1 src/ASF/common/utils/interrupt/interrupt_sam_nvic.o
                0x20400020                g_interrupt_enabled
 *fill*         0x20400021        0x3 
 .data.SystemCoreClock
                0x20400024        0x4 src/ASF/sam/utils/cmsis/samv71/source/templates/system_samv71.o
                0x20400024                SystemCoreClock
 .data._impure_ptr
                0x20400028        0x4 c:/program files (x86)/atmel/studio/7.0/toolchain/arm/arm-gnu-toolchain/bin/../lib/gcc/arm-none-eabi/6.3.1/../../../../arm-none-eabi/lib/thumb/v7e-m\libc.a(lib_a-impure.o)
                0x20400028                _impure_ptr
 *fill*         0x2040002c        0x4 
 .data.impure_data
                0x20400030      0x428 c:/program files (x86)/atmel/studio/7.0/toolchain/arm/arm-gnu-toolchain/bin/../lib/gcc/arm-none-eabi/6.3.1/../../../../arm-none-eabi/lib/thumb/v7e-m\libc.a(lib_a-impure.o)
 .data.__atexit_recursive_mutex
                0x20400458        0x4 c:/program files (x86)/atmel/studio/7.0/toolchain/arm/arm-gnu-toolchain/bin/../lib/gcc/arm-none-eabi/6.3.1/../../../../arm-none-eabi/lib/thumb/v7e-m\libc.a(lib_a-__call_atexit.o)
                0x20400458                __atexit_recursive_mutex
 .data.__global_locale
                0x2040045c      0x16c c:/program files (x86)/atmel/studio/7.0/toolchain/arm/arm-gnu-toolchain/bin/../lib/gcc/arm-none-eabi/6.3.1/../../../../arm-none-eabi/lib/thumb/v7e-m\libc.a(lib_a-locale.o)
                0x2040045c                __global_locale
 .data.__malloc_av_
                0x204005c8      0x408 c:/program files (x86)/atmel/studio/7.0/toolchain/arm/arm-gnu-toolchain/bin/../lib/gcc/arm-none-eabi/6.3.1/../../../../arm-none-eabi/lib/thumb/v7e-m\libc.a(lib_a-mallocr.o)
                0x204005c8                __malloc_av_
 .data.__malloc_sbrk_base
                0x204009d0        0x4 c:/program files (x86)/atmel/studio/7.0/toolchain/arm/arm-gnu-toolchain/bin/../lib/gcc/arm-none-eabi/6.3.1/../../../../arm-none-eabi/lib/thumb/v7e-m\libc.a(lib_a-mallocr.o)
                0x204009d0                __malloc_sbrk_base
 .data.__malloc_trim_threshold
                0x204009d4        0x4 c:/program files (x86)/atmel/studio/7.0/toolchain/arm/arm-gnu-toolchain/bin/../lib/gcc/arm-none-eabi/6.3.1/../../../../arm-none-eabi/lib/thumb/v7e-m\libc.a(lib_a-mallocr.o)
                0x204009d4                __malloc_trim_threshold
                0x204009d8                . = ALIGN (0x4)
                0x204009d8                _erelocate = .

.bss            0x204009d8      0x3e8 load address 0x00407590
                0x204009d8                . = ALIGN (0x4)
                0x204009d8                _sbss = .
                0x204009d8                _szero = .
 *(.bss .bss.*)
 .bss           0x204009d8       0x1c c:/program files (x86)/atmel/studio/7.0/toolchain/arm/arm-gnu-toolchain/bin/../lib/gcc/arm-none-eabi/6.3.1/thumb/v7e-m/crtbegin.o
 .bss.extended_receive_index
                0x204009f4        0x4 src/can/can_controller.o
 .bss.mcan_instance
                0x204009f8        0x4 src/can/can_controller.o
 .bss.rx_element_buffer
                0x204009fc       0x10 src/can/can_controller.o
 .bss.rx_element_fifo_0
                0x20400a0c       0x10 src/can/can_controller.o
 .bss.rx_element_fifo_1
                0x20400a1c       0x10 src/can/can_controller.o
 .bss.standard_receive_index
                0x20400a2c        0x4 src/can/can_controller.o
 .bss.telemetry
                0x20400a30       0x20 src/telemetry.o
 .bss.mcan0_rx_buffer
                0x20400a50       0x40 src/ASF/sam/drivers/mcan/mcan.o
 .bss.mcan0_rx_extended_filter
                0x20400a90       0x10 src/ASF/sam/drivers/mcan/mcan.o
 .bss.mcan0_rx_fifo_0
                0x20400aa0       0x40 src/ASF/sam/drivers/mcan/mcan.o
 .bss.mcan0_rx_fifo_1
                0x20400ae0       0x40 src/ASF/sam/drivers/mcan/mcan.o
 .bss.mcan0_rx_standard_filter
                0x20400b20       0x10 src/ASF/sam/drivers/mcan/mcan.o
 .bss.mcan0_tx_buffer
                0x20400b30       0x40 src/ASF/sam/drivers/mcan/mcan.o
 .bss.mcan0_tx_event_fifo
                0x20400b70       0x20 src/ASF/sam/drivers/mcan/mcan.o
 .bss.mcan1_rx_buffer
                0x20400b90       0x40 src/ASF/sam/drivers/mcan/mcan.o
 .bss.mcan1_rx_extended_filter
                0x20400bd0       0x10 src/ASF/sam/drivers/mcan/mcan.o
 .bss.mcan1_rx_fifo_0
                0x20400be0       0x40 src/ASF/sam/drivers/mcan/mcan.o
 .bss.mcan1_rx_fifo_1
                0x20400c20       0x40 src/ASF/sam/drivers/mcan/mcan.o
 .bss.mcan1_rx_standard_filter
                0x20400c60       0x10 src/ASF/sam/drivers/mcan/mcan.o
 .bss.mcan1_tx_buffer
                0x20400c70       0x40 src/ASF/sam/drivers/mcan/mcan.o
 .bss.mcan1_tx_event_fifo
                0x20400cb0       0x20 src/ASF/sam/drivers/mcan/mcan.o
 .bss.gs_interrupt_sources
                0x20400cd0       0x70 src/ASF/sam/drivers/pio/pio_handler.o
 .bss.ul_reg_val.9529
                0x20400d40        0x4 src/ASF/sam/drivers/usart/usart.o
 .bss.heap.6420
                0x20400d44        0x4 src/ASF/sam/utils/syscalls/gcc/syscalls.o
 .bss.__malloc_current_mallinfo
                0x20400d48       0x28 c:/program files (x86)/atmel/studio/7.0/toolchain/arm/arm-gnu-toolchain/bin/../lib/gcc/arm-none-eabi/6.3.1/../../../../arm-none-eabi/lib/thumb/v7e-m\libc.a(lib_a-mallocr.o)
                0x20400d48                __malloc_current_mallinfo
 .bss.__malloc_max_sbrked_mem
                0x20400d70        0x4 c:/program files (x86)/atmel/studio/7.0/toolchain/arm/arm-gnu-toolchain/bin/../lib/gcc/arm-none-eabi/6.3.1/../../../../arm-none-eabi/lib/thumb/v7e-m\libc.a(lib_a-mallocr.o)
                0x20400d70                __malloc_max_sbrked_mem
 .bss.__malloc_max_total_mem
                0x20400d74        0x4 c:/program files (x86)/atmel/studio/7.0/toolchain/arm/arm-gnu-toolchain/bin/../lib/gcc/arm-none-eabi/6.3.1/../../../../arm-none-eabi/lib/thumb/v7e-m\libc.a(lib_a-mallocr.o)
                0x20400d74                __malloc_max_total_mem
 .bss.__malloc_top_pad
                0x20400d78        0x4 c:/program files (x86)/atmel/studio/7.0/toolchain/arm/arm-gnu-toolchain/bin/../lib/gcc/arm-none-eabi/6.3.1/../../../../arm-none-eabi/lib/thumb/v7e-m\libc.a(lib_a-mallocr.o)
                0x20400d78                __malloc_top_pad
 *(COMMON)
 COMMON         0x20400d7c       0x10 src/commands.o
                0x20400d7c                counters
 COMMON         0x20400d8c        0x4 src/ASF/common/utils/stdio/read.o
                0x20400d8c                ptr_get
 COMMON         0x20400d90        0x8 src/ASF/common/utils/stdio/write.o
                0x20400d90                ptr_put
                0x20400d94                stdio_base
 COMMON         0x20400d98       0x21 c:/program files (x86)/atmel/studio/7.0/toolchain/arm/arm-gnu-toolchain/bin/../lib/gcc/arm-none-eabi/6.3.1/../../../../arm-none-eabi/lib/thumb/v7e-m\libc.a(lib_a-lock.o)
                0x20400d98                __lock___atexit_recursive_mutex
                0x20400d9c                __lock___arc4random_mutex
                0x20400da0                __lock___env_recursive_mutex
                0x20400da4                __lock___sinit_recursive_mutex
                0x20400da8                __lock___malloc_recursive_mutex
                0x20400dac                __lock___at_quick_exit_mutex
                0x20400db0                __lock___dd_hash_mutex
                0x20400db4                __lock___tz_mutex
                0x20400db8                __lock___sfp_recursive_mutex
 *fill*         0x20400db9        0x3 
 COMMON         0x20400dbc        0x4 c:/program files (x86)/atmel/studio/7.0/toolchain/arm/arm-gnu-toolchain/bin/../lib/gcc/arm-none-eabi/6.3.1/../../../../arm-none-eabi/lib/thumb/v7e-m\libc.a(lib_a-reent.o)
                0x20400dbc                errno
                0x20400dc0                . = ALIGN (0x4)
                0x20400dc0                _ebss = .
                0x20400dc0                _ezero = .

.stack          0x20400dc0     0x2000 load address 0x00407978
                0x20400dc0                . = ALIGN (0x8)
                0x20400dc0                _sstack = .
                0x20402dc0                . = (. + STACK_SIZE)
 *fill*         0x20400dc0     0x2000 
                0x20402dc0                . = ALIGN (0x8)
                0x20402dc0                _estack = .

.heap           0x20402dc0      0x200 load address 0x00409978
                0x20402dc0                . = ALIGN (0x8)
                0x20402dc0                _sheap = .
                0x20402fc0                . = (. + HEAP_SIZE)
 *fill*         0x20402dc0      0x200 
                0x20402fc0                . = ALIGN (0x8)
                0x20402fc0                _eheap = .
                0x20402fc0                . = ALIGN (0x4)
                0x20402fc0                _end = .
                0x2045ffff                _ram_end_ = ((ORIGIN (ram) + LENGTH (ram)) - 0x1)
OUTPUT(CAN_BASE_EXAMPLE.elf elf32-littlearm)

.ARM.attributes
                0x00000000       0x2e
 .ARM.attributes
                0x00000000       0x1e c:/program files (x86)/atmel/studio/7.0/toolchain/arm/arm-gnu-toolchain/bin/../lib/gcc/arm-none-eabi/6.3.1/thumb/v7e-m/crti.o
 .ARM.attributes
                0x0000001e       0x2e c:/program files (x86)/atmel/studio/7.0/toolchain/arm/arm-gnu-toolchain/bin/../lib/gcc/arm-none-eabi/6.3.1/thumb/v7e-m/crtbegin.o
 .ARM.attributes
                0x0000004c       0x37 src/can/can_controller.o
 .ARM.attributes
                0x00000083       0x37 src/commands.o
 .ARM.attributes
                0x000000ba       0x37 src/commands_module.o
 .ARM.attributes
                0x000000f1       0x37 src/config/conf_telemetry.o
 .ARM.attributes
                0x00000128       0x37 src/subsystem_1.o
 .ARM.attributes
                0x0000015f       0x37 src/subsystem_2.o
 .ARM.attributes
                0x00000196       0x37 src/tc/tc.o
 .ARM.attributes
                0x000001cd       0x37 src/telemetry.o
 .ARM.attributes
                0x00000204       0x37 src/ASF/common/services/clock/samv71/sysclk.o
 .ARM.attributes
                0x0000023b       0x37 src/ASF/common/utils/interrupt/interrupt_sam_nvic.o
 .ARM.attributes
                0x00000272       0x37 src/ASF/common/utils/stdio/read.o
 .ARM.attributes
                0x000002a9       0x37 src/ASF/common/utils/stdio/write.o
 .ARM.attributes
                0x000002e0       0x37 src/ASF/sam/boards/samv71_xplained_ultra/init.o
 .ARM.attributes
                0x00000317       0x37 src/ASF/sam/drivers/mcan/mcan.o
 .ARM.attributes
                0x0000034e       0x37 src/ASF/sam/drivers/pio/pio.o
 .ARM.attributes
                0x00000385       0x37 src/ASF/sam/drivers/pio/pio_handler.o
 .ARM.attributes
                0x000003bc       0x37 src/ASF/sam/drivers/pmc/pmc.o
 .ARM.attributes
                0x000003f3       0x37 src/ASF/sam/drivers/uart/uart.o
 .ARM.attributes
                0x0000042a       0x37 src/ASF/sam/drivers/usart/usart.o
 .ARM.attributes
                0x00000461       0x37 src/ASF/sam/utils/cmsis/samv71/source/templates/gcc/startup_samv71.o
 .ARM.attributes
                0x00000498       0x37 src/ASF/sam/utils/cmsis/samv71/source/templates/system_samv71.o
 .ARM.attributes
                0x000004cf       0x37 src/ASF/sam/utils/syscalls/gcc/syscalls.o
 .ARM.attributes
                0x00000506       0x37 src/qs_mcan_fd.o
 .ARM.attributes
                0x0000053d       0x1e c:/program files (x86)/atmel/studio/7.0/toolchain/arm/arm-gnu-toolchain/bin/../lib/gcc/arm-none-eabi/6.3.1/thumb/v7e-m\libgcc.a(_aeabi_uldivmod.o)
 .ARM.attributes
                0x0000055b       0x2e c:/program files (x86)/atmel/studio/7.0/toolchain/arm/arm-gnu-toolchain/bin/../lib/gcc/arm-none-eabi/6.3.1/thumb/v7e-m\libgcc.a(_udivmoddi4.o)
 .ARM.attributes
                0x00000589       0x1e c:/program files (x86)/atmel/studio/7.0/toolchain/arm/arm-gnu-toolchain/bin/../lib/gcc/arm-none-eabi/6.3.1/thumb/v7e-m\libgcc.a(_dvmd_tls.o)
 .ARM.attributes
                0x000005a7       0x2e c:/program files (x86)/atmel/studio/7.0/toolchain/arm/arm-gnu-toolchain/bin/../lib/gcc/arm-none-eabi/6.3.1/../../../../arm-none-eabi/lib/thumb/v7e-m\libc.a(lib_a-impure.o)
 .ARM.attributes
                0x000005d5       0x2e c:/program files (x86)/atmel/studio/7.0/toolchain/arm/arm-gnu-toolchain/bin/../lib/gcc/arm-none-eabi/6.3.1/../../../../arm-none-eabi/lib/thumb/v7e-m\libc.a(lib_a-init.o)
 .ARM.attributes
                0x00000603       0x2e c:/program files (x86)/atmel/studio/7.0/toolchain/arm/arm-gnu-toolchain/bin/../lib/gcc/arm-none-eabi/6.3.1/../../../../arm-none-eabi/lib/thumb/v7e-m\libc.a(lib_a-iprintf.o)
 .ARM.attributes
                0x00000631       0x2e c:/program files (x86)/atmel/studio/7.0/toolchain/arm/arm-gnu-toolchain/bin/../lib/gcc/arm-none-eabi/6.3.1/../../../../arm-none-eabi/lib/thumb/v7e-m\libc.a(lib_a-iscanf.o)
 .ARM.attributes
                0x0000065f       0x2e c:/program files (x86)/atmel/studio/7.0/toolchain/arm/arm-gnu-toolchain/bin/../lib/gcc/arm-none-eabi/6.3.1/../../../../arm-none-eabi/lib/thumb/v7e-m\libc.a(lib_a-memset.o)
 .ARM.attributes
                0x0000068d       0x2e c:/program files (x86)/atmel/studio/7.0/toolchain/arm/arm-gnu-toolchain/bin/../lib/gcc/arm-none-eabi/6.3.1/../../../../arm-none-eabi/lib/thumb/v7e-m\libc.a(lib_a-setbuf.o)
 .ARM.attributes
                0x000006bb       0x2e c:/program files (x86)/atmel/studio/7.0/toolchain/arm/arm-gnu-toolchain/bin/../lib/gcc/arm-none-eabi/6.3.1/../../../../arm-none-eabi/lib/thumb/v7e-m\libc.a(lib_a-setvbuf.o)
 .ARM.attributes
                0x000006e9       0x2e c:/program files (x86)/atmel/studio/7.0/toolchain/arm/arm-gnu-toolchain/bin/../lib/gcc/arm-none-eabi/6.3.1/../../../../arm-none-eabi/lib/thumb/v7e-m\libc.a(lib_a-vfiprintf.o)
 .ARM.attributes
                0x00000717       0x2e c:/program files (x86)/atmel/studio/7.0/toolchain/arm/arm-gnu-toolchain/bin/../lib/gcc/arm-none-eabi/6.3.1/../../../../arm-none-eabi/lib/thumb/v7e-m\libc.a(lib_a-vfiscanf.o)
 .ARM.attributes
                0x00000745       0x2e c:/program files (x86)/atmel/studio/7.0/toolchain/arm/arm-gnu-toolchain/bin/../lib/gcc/arm-none-eabi/6.3.1/../../../../arm-none-eabi/lib/thumb/v7e-m\libc.a(lib_a-wsetup.o)
 .ARM.attributes
                0x00000773       0x2e c:/program files (x86)/atmel/studio/7.0/toolchain/arm/arm-gnu-toolchain/bin/../lib/gcc/arm-none-eabi/6.3.1/../../../../arm-none-eabi/lib/thumb/v7e-m\libc.a(lib_a-__call_atexit.o)
 .ARM.attributes
                0x000007a1       0x2e c:/program files (x86)/atmel/studio/7.0/toolchain/arm/arm-gnu-toolchain/bin/../lib/gcc/arm-none-eabi/6.3.1/../../../../arm-none-eabi/lib/thumb/v7e-m\libc.a(lib_a-atexit.o)
 .ARM.attributes
                0x000007cf       0x2e c:/program files (x86)/atmel/studio/7.0/toolchain/arm/arm-gnu-toolchain/bin/../lib/gcc/arm-none-eabi/6.3.1/../../../../arm-none-eabi/lib/thumb/v7e-m\libc.a(lib_a-fflush.o)
 .ARM.attributes
                0x000007fd       0x2e c:/program files (x86)/atmel/studio/7.0/toolchain/arm/arm-gnu-toolchain/bin/../lib/gcc/arm-none-eabi/6.3.1/../../../../arm-none-eabi/lib/thumb/v7e-m\libc.a(lib_a-findfp.o)
 .ARM.attributes
                0x0000082b       0x2e c:/program files (x86)/atmel/studio/7.0/toolchain/arm/arm-gnu-toolchain/bin/../lib/gcc/arm-none-eabi/6.3.1/../../../../arm-none-eabi/lib/thumb/v7e-m\libc.a(lib_a-fini.o)
 .ARM.attributes
                0x00000859       0x2e c:/program files (x86)/atmel/studio/7.0/toolchain/arm/arm-gnu-toolchain/bin/../lib/gcc/arm-none-eabi/6.3.1/../../../../arm-none-eabi/lib/thumb/v7e-m\libc.a(lib_a-fputwc.o)
 .ARM.attributes
                0x00000887       0x2e c:/program files (x86)/atmel/studio/7.0/toolchain/arm/arm-gnu-toolchain/bin/../lib/gcc/arm-none-eabi/6.3.1/../../../../arm-none-eabi/lib/thumb/v7e-m\libc.a(lib_a-fread.o)
 .ARM.attributes
                0x000008b5       0x2e c:/program files (x86)/atmel/studio/7.0/toolchain/arm/arm-gnu-toolchain/bin/../lib/gcc/arm-none-eabi/6.3.1/../../../../arm-none-eabi/lib/thumb/v7e-m\libc.a(lib_a-freer.o)
 .ARM.attributes
                0x000008e3       0x2e c:/program files (x86)/atmel/studio/7.0/toolchain/arm/arm-gnu-toolchain/bin/../lib/gcc/arm-none-eabi/6.3.1/../../../../arm-none-eabi/lib/thumb/v7e-m\libc.a(lib_a-fvwrite.o)
 .ARM.attributes
                0x00000911       0x2e c:/program files (x86)/atmel/studio/7.0/toolchain/arm/arm-gnu-toolchain/bin/../lib/gcc/arm-none-eabi/6.3.1/../../../../arm-none-eabi/lib/thumb/v7e-m\libc.a(lib_a-fwalk.o)
 .ARM.attributes
                0x0000093f       0x2e c:/program files (x86)/atmel/studio/7.0/toolchain/arm/arm-gnu-toolchain/bin/../lib/gcc/arm-none-eabi/6.3.1/../../../../arm-none-eabi/lib/thumb/v7e-m\libc.a(lib_a-iswspace.o)
 .ARM.attributes
                0x0000096d       0x2e c:/program files (x86)/atmel/studio/7.0/toolchain/arm/arm-gnu-toolchain/bin/../lib/gcc/arm-none-eabi/6.3.1/../../../../arm-none-eabi/lib/thumb/v7e-m\libc.a(lib_a-locale.o)
 .ARM.attributes
                0x0000099b       0x2e c:/program files (x86)/atmel/studio/7.0/toolchain/arm/arm-gnu-toolchain/bin/../lib/gcc/arm-none-eabi/6.3.1/../../../../arm-none-eabi/lib/thumb/v7e-m\libc.a(lib_a-lock.o)
 .ARM.attributes
                0x000009c9       0x2e c:/program files (x86)/atmel/studio/7.0/toolchain/arm/arm-gnu-toolchain/bin/../lib/gcc/arm-none-eabi/6.3.1/../../../../arm-none-eabi/lib/thumb/v7e-m\libc.a(lib_a-makebuf.o)
 .ARM.attributes
                0x000009f7       0x2e c:/program files (x86)/atmel/studio/7.0/toolchain/arm/arm-gnu-toolchain/bin/../lib/gcc/arm-none-eabi/6.3.1/../../../../arm-none-eabi/lib/thumb/v7e-m\libc.a(lib_a-malloc.o)
 .ARM.attributes
                0x00000a25       0x2e c:/program files (x86)/atmel/studio/7.0/toolchain/arm/arm-gnu-toolchain/bin/../lib/gcc/arm-none-eabi/6.3.1/../../../../arm-none-eabi/lib/thumb/v7e-m\libc.a(lib_a-mallocr.o)
 .ARM.attributes
                0x00000a53       0x2e c:/program files (x86)/atmel/studio/7.0/toolchain/arm/arm-gnu-toolchain/bin/../lib/gcc/arm-none-eabi/6.3.1/../../../../arm-none-eabi/lib/thumb/v7e-m\libc.a(lib_a-mbrtowc.o)
 .ARM.attributes
                0x00000a81       0x2e c:/program files (x86)/atmel/studio/7.0/toolchain/arm/arm-gnu-toolchain/bin/../lib/gcc/arm-none-eabi/6.3.1/../../../../arm-none-eabi/lib/thumb/v7e-m\libc.a(lib_a-mbtowc_r.o)
 .ARM.attributes
                0x00000aaf       0x1c c:/program files (x86)/atmel/studio/7.0/toolchain/arm/arm-gnu-toolchain/bin/../lib/gcc/arm-none-eabi/6.3.1/../../../../arm-none-eabi/lib/thumb/v7e-m\libc.a(lib_a-memchr.o)
 .ARM.attributes
                0x00000acb       0x1c c:/program files (x86)/atmel/studio/7.0/toolchain/arm/arm-gnu-toolchain/bin/../lib/gcc/arm-none-eabi/6.3.1/../../../../arm-none-eabi/lib/thumb/v7e-m\libc.a(lib_a-memcpy.o)
 .ARM.attributes
                0x00000ae7       0x2e c:/program files (x86)/atmel/studio/7.0/toolchain/arm/arm-gnu-toolchain/bin/../lib/gcc/arm-none-eabi/6.3.1/../../../../arm-none-eabi/lib/thumb/v7e-m\libc.a(lib_a-memmove.o)
 .ARM.attributes
                0x00000b15       0x2e c:/program files (x86)/atmel/studio/7.0/toolchain/arm/arm-gnu-toolchain/bin/../lib/gcc/arm-none-eabi/6.3.1/../../../../arm-none-eabi/lib/thumb/v7e-m\libc.a(lib_a-mlock.o)
 .ARM.attributes
                0x00000b43       0x2e c:/program files (x86)/atmel/studio/7.0/toolchain/arm/arm-gnu-toolchain/bin/../lib/gcc/arm-none-eabi/6.3.1/../../../../arm-none-eabi/lib/thumb/v7e-m\libc.a(lib_a-reallocr.o)
 .ARM.attributes
                0x00000b71       0x2e c:/program files (x86)/atmel/studio/7.0/toolchain/arm/arm-gnu-toolchain/bin/../lib/gcc/arm-none-eabi/6.3.1/../../../../arm-none-eabi/lib/thumb/v7e-m\libc.a(lib_a-refill.o)
 .ARM.attributes
                0x00000b9f       0x2e c:/program files (x86)/atmel/studio/7.0/toolchain/arm/arm-gnu-toolchain/bin/../lib/gcc/arm-none-eabi/6.3.1/../../../../arm-none-eabi/lib/thumb/v7e-m\libc.a(lib_a-sbrkr.o)
 .ARM.attributes
                0x00000bcd       0x2e c:/program files (x86)/atmel/studio/7.0/toolchain/arm/arm-gnu-toolchain/bin/../lib/gcc/arm-none-eabi/6.3.1/../../../../arm-none-eabi/lib/thumb/v7e-m\libc.a(lib_a-sccl.o)
 .ARM.attributes
                0x00000bfb       0x2e c:/program files (x86)/atmel/studio/7.0/toolchain/arm/arm-gnu-toolchain/bin/../lib/gcc/arm-none-eabi/6.3.1/../../../../arm-none-eabi/lib/thumb/v7e-m\libc.a(lib_a-stdio.o)
 .ARM.attributes
                0x00000c29       0x1c c:/program files (x86)/atmel/studio/7.0/toolchain/arm/arm-gnu-toolchain/bin/../lib/gcc/arm-none-eabi/6.3.1/../../../../arm-none-eabi/lib/thumb/v7e-m\libc.a(lib_a-strlen.o)
 .ARM.attributes
                0x00000c45       0x2e c:/program files (x86)/atmel/studio/7.0/toolchain/arm/arm-gnu-toolchain/bin/../lib/gcc/arm-none-eabi/6.3.1/../../../../arm-none-eabi/lib/thumb/v7e-m\libc.a(lib_a-strtol.o)
 .ARM.attributes
                0x00000c73       0x2e c:/program files (x86)/atmel/studio/7.0/toolchain/arm/arm-gnu-toolchain/bin/../lib/gcc/arm-none-eabi/6.3.1/../../../../arm-none-eabi/lib/thumb/v7e-m\libc.a(lib_a-strtoll.o)
 .ARM.attributes
                0x00000ca1       0x2e c:/program files (x86)/atmel/studio/7.0/toolchain/arm/arm-gnu-toolchain/bin/../lib/gcc/arm-none-eabi/6.3.1/../../../../arm-none-eabi/lib/thumb/v7e-m\libc.a(lib_a-strtoul.o)
 .ARM.attributes
                0x00000ccf       0x2e c:/program files (x86)/atmel/studio/7.0/toolchain/arm/arm-gnu-toolchain/bin/../lib/gcc/arm-none-eabi/6.3.1/../../../../arm-none-eabi/lib/thumb/v7e-m\libc.a(lib_a-strtoull.o)
 .ARM.attributes
                0x00000cfd       0x2e c:/program files (x86)/atmel/studio/7.0/toolchain/arm/arm-gnu-toolchain/bin/../lib/gcc/arm-none-eabi/6.3.1/../../../../arm-none-eabi/lib/thumb/v7e-m\libc.a(lib_a-ungetc.o)
 .ARM.attributes
                0x00000d2b       0x2e c:/program files (x86)/atmel/studio/7.0/toolchain/arm/arm-gnu-toolchain/bin/../lib/gcc/arm-none-eabi/6.3.1/../../../../arm-none-eabi/lib/thumb/v7e-m\libc.a(lib_a-wbuf.o)
 .ARM.attributes
                0x00000d59       0x2e c:/program files (x86)/atmel/studio/7.0/toolchain/arm/arm-gnu-toolchain/bin/../lib/gcc/arm-none-eabi/6.3.1/../../../../arm-none-eabi/lib/thumb/v7e-m\libc.a(lib_a-wcrtomb.o)
 .ARM.attributes
                0x00000d87       0x2e c:/program files (x86)/atmel/studio/7.0/toolchain/arm/arm-gnu-toolchain/bin/../lib/gcc/arm-none-eabi/6.3.1/../../../../arm-none-eabi/lib/thumb/v7e-m\libc.a(lib_a-wctomb_r.o)
 .ARM.attributes
                0x00000db5       0x2e c:/program files (x86)/atmel/studio/7.0/toolchain/arm/arm-gnu-toolchain/bin/../lib/gcc/arm-none-eabi/6.3.1/../../../../arm-none-eabi/lib/thumb/v7e-m\libc.a(lib_a-writer.o)
 .ARM.attributes
                0x00000de3       0x2e c:/program files (x86)/atmel/studio/7.0/toolchain/arm/arm-gnu-toolchain/bin/../lib/gcc/arm-none-eabi/6.3.1/../../../../arm-none-eabi/lib/thumb/v7e-m\libc.a(lib_a-__atexit.o)
 .ARM.attributes
                0x00000e11       0x2e c:/program files (x86)/atmel/studio/7.0/toolchain/arm/arm-gnu-toolchain/bin/../lib/gcc/arm-none-eabi/6.3.1/../../../../arm-none-eabi/lib/thumb/v7e-m\libc.a(lib_a-closer.o)
 .ARM.attributes
                0x00000e3f       0x2e c:/program files (x86)/atmel/studio/7.0/toolchain/arm/arm-gnu-toolchain/bin/../lib/gcc/arm-none-eabi/6.3.1/../../../../arm-none-eabi/lib/thumb/v7e-m\libc.a(lib_a-ctype_.o)
 .ARM.attributes
                0x00000e6d       0x2e c:/program files (x86)/atmel/studio/7.0/toolchain/arm/arm-gnu-toolchain/bin/../lib/gcc/arm-none-eabi/6.3.1/../../../../arm-none-eabi/lib/thumb/v7e-m\libc.a(lib_a-fclose.o)
 .ARM.attributes
                0x00000e9b       0x2e c:/program files (x86)/atmel/studio/7.0/toolchain/arm/arm-gnu-toolchain/bin/../lib/gcc/arm-none-eabi/6.3.1/../../../../arm-none-eabi/lib/thumb/v7e-m\libc.a(lib_a-fstatr.o)
 .ARM.attributes
                0x00000ec9       0x2e c:/program files (x86)/atmel/studio/7.0/toolchain/arm/arm-gnu-toolchain/bin/../lib/gcc/arm-none-eabi/6.3.1/../../../../arm-none-eabi/lib/thumb/v7e-m\libc.a(lib_a-isattyr.o)
 .ARM.attributes
                0x00000ef7       0x2e c:/program files (x86)/atmel/studio/7.0/toolchain/arm/arm-gnu-toolchain/bin/../lib/gcc/arm-none-eabi/6.3.1/../../../../arm-none-eabi/lib/thumb/v7e-m\libc.a(lib_a-lseekr.o)
 .ARM.attributes
                0x00000f25       0x2e c:/program files (x86)/atmel/studio/7.0/toolchain/arm/arm-gnu-toolchain/bin/../lib/gcc/arm-none-eabi/6.3.1/../../../../arm-none-eabi/lib/thumb/v7e-m\libc.a(lib_a-readr.o)
 .ARM.attributes
                0x00000f53       0x2e c:/program files (x86)/atmel/studio/7.0/toolchain/arm/arm-gnu-toolchain/bin/../lib/gcc/arm-none-eabi/6.3.1/../../../../arm-none-eabi/lib/thumb/v7e-m\libc.a(lib_a-reent.o)
 .ARM.attributes
                0x00000f81       0x1e c:/program files (x86)/atmel/studio/7.0/toolchain/arm/arm-gnu-toolchain/bin/../lib/gcc/arm-none-eabi/6.3.1/thumb/v7e-m/crtn.o

.comment        0x00000000       0x59
 .comment       0x00000000       0x59 src/can/can_controller.o
                                 0x5a (size before relaxing)
 .comment       0x00000059       0x5a src/commands.o
 .comment       0x00000059       0x5a src/commands_module.o
 .comment       0x00000059       0x5a src/config/conf_telemetry.o
 .comment       0x00000059       0x5a src/subsystem_1.o
 .comment       0x00000059       0x5a src/subsystem_2.o
 .comment       0x00000059       0x5a src/tc/tc.o
 .comment       0x00000059       0x5a src/telemetry.o
 .comment       0x00000059       0x5a src/ASF/common/services/clock/samv71/sysclk.o
 .comment       0x00000059       0x5a src/ASF/common/utils/interrupt/interrupt_sam_nvic.o
 .comment       0x00000059       0x5a src/ASF/common/utils/stdio/read.o
 .comment       0x00000059       0x5a src/ASF/common/utils/stdio/write.o
 .comment       0x00000059       0x5a src/ASF/sam/boards/samv71_xplained_ultra/init.o
 .comment       0x00000059       0x5a src/ASF/sam/drivers/mcan/mcan.o
 .comment       0x00000059       0x5a src/ASF/sam/drivers/pio/pio.o
 .comment       0x00000059       0x5a src/ASF/sam/drivers/pio/pio_handler.o
 .comment       0x00000059       0x5a src/ASF/sam/drivers/pmc/pmc.o
 .comment       0x00000059       0x5a src/ASF/sam/drivers/uart/uart.o
 .comment       0x00000059       0x5a src/ASF/sam/drivers/usart/usart.o
 .comment       0x00000059       0x5a src/ASF/sam/utils/cmsis/samv71/source/templates/gcc/startup_samv71.o
 .comment       0x00000059       0x5a src/ASF/sam/utils/cmsis/samv71/source/templates/system_samv71.o
 .comment       0x00000059       0x5a src/ASF/sam/utils/syscalls/gcc/syscalls.o
 .comment       0x00000059       0x5a src/qs_mcan_fd.o

.debug_info     0x00000000    0x1ef49
 .debug_info    0x00000000     0x2b9e src/can/can_controller.o
 .debug_info    0x00002b9e      0xdaf src/commands.o
 .debug_info    0x0000394d      0xe6d src/commands_module.o
 .debug_info    0x000047ba      0xf32 src/config/conf_telemetry.o
 .debug_info    0x000056ec      0xd26 src/subsystem_1.o
 .debug_info    0x00006412      0xca6 src/subsystem_2.o
 .debug_info    0x000070b8     0x233a src/tc/tc.o
 .debug_info    0x000093f2     0x1084 src/telemetry.o
 .debug_info    0x0000a476     0x12a4 src/ASF/common/services/clock/samv71/sysclk.o
 .debug_info    0x0000b71a      0xaff src/ASF/common/utils/interrupt/interrupt_sam_nvic.o
 .debug_info    0x0000c219      0xac9 src/ASF/common/utils/stdio/read.o
 .debug_info    0x0000cce2      0xac6 src/ASF/common/utils/stdio/write.o
 .debug_info    0x0000d7a8     0x22af src/ASF/sam/boards/samv71_xplained_ultra/init.o
 .debug_info    0x0000fa57     0x235e src/ASF/sam/drivers/mcan/mcan.o
 .debug_info    0x00011db5     0x2174 src/ASF/sam/drivers/pio/pio.o
 .debug_info    0x00013f29     0x1bb8 src/ASF/sam/drivers/pio/pio_handler.o
 .debug_info    0x00015ae1     0x1f1c src/ASF/sam/drivers/pmc/pmc.o
 .debug_info    0x000179fd     0x1072 src/ASF/sam/drivers/uart/uart.o
 .debug_info    0x00018a6f     0x23ac src/ASF/sam/drivers/usart/usart.o
 .debug_info    0x0001ae1b     0x15fe src/ASF/sam/utils/cmsis/samv71/source/templates/gcc/startup_samv71.o
 .debug_info    0x0001c419      0x5d0 src/ASF/sam/utils/cmsis/samv71/source/templates/system_samv71.o
 .debug_info    0x0001c9e9      0xdb0 src/ASF/sam/utils/syscalls/gcc/syscalls.o
 .debug_info    0x0001d799     0x17b0 src/qs_mcan_fd.o

.debug_abbrev   0x00000000     0x425a
 .debug_abbrev  0x00000000      0x448 src/can/can_controller.o
 .debug_abbrev  0x00000448      0x2a7 src/commands.o
 .debug_abbrev  0x000006ef      0x256 src/commands_module.o
 .debug_abbrev  0x00000945      0x247 src/config/conf_telemetry.o
 .debug_abbrev  0x00000b8c      0x262 src/subsystem_1.o
 .debug_abbrev  0x00000dee      0x23e src/subsystem_2.o
 .debug_abbrev  0x0000102c      0x487 src/tc/tc.o
 .debug_abbrev  0x000014b3      0x226 src/telemetry.o
 .debug_abbrev  0x000016d9      0x31f src/ASF/common/services/clock/samv71/sysclk.o
 .debug_abbrev  0x000019f8      0x221 src/ASF/common/utils/interrupt/interrupt_sam_nvic.o
 .debug_abbrev  0x00001c19      0x1fe src/ASF/common/utils/stdio/read.o
 .debug_abbrev  0x00001e17      0x1e9 src/ASF/common/utils/stdio/write.o
 .debug_abbrev  0x00002000      0x32f src/ASF/sam/boards/samv71_xplained_ultra/init.o
 .debug_abbrev  0x0000232f      0x438 src/ASF/sam/drivers/mcan/mcan.o
 .debug_abbrev  0x00002767      0x410 src/ASF/sam/drivers/pio/pio.o
 .debug_abbrev  0x00002b77      0x34d src/ASF/sam/drivers/pio/pio_handler.o
 .debug_abbrev  0x00002ec4      0x398 src/ASF/sam/drivers/pmc/pmc.o
 .debug_abbrev  0x0000325c      0x27b src/ASF/sam/drivers/uart/uart.o
 .debug_abbrev  0x000034d7      0x3ca src/ASF/sam/drivers/usart/usart.o
 .debug_abbrev  0x000038a1      0x2f3 src/ASF/sam/utils/cmsis/samv71/source/templates/gcc/startup_samv71.o
 .debug_abbrev  0x00003b94      0x102 src/ASF/sam/utils/cmsis/samv71/source/templates/system_samv71.o
 .debug_abbrev  0x00003c96      0x264 src/ASF/sam/utils/syscalls/gcc/syscalls.o
 .debug_abbrev  0x00003efa      0x360 src/qs_mcan_fd.o

.debug_loc      0x00000000     0x6b02
 .debug_loc     0x00000000      0xc3b src/can/can_controller.o
 .debug_loc     0x00000c3b      0x1ad src/commands.o
 .debug_loc     0x00000de8      0x16d src/commands_module.o
 .debug_loc     0x00000f55       0x20 src/config/conf_telemetry.o
 .debug_loc     0x00000f75      0x142 src/subsystem_1.o
 .debug_loc     0x000010b7      0x106 src/subsystem_2.o
 .debug_loc     0x000011bd      0xf7e src/tc/tc.o
 .debug_loc     0x0000213b       0x60 src/telemetry.o
 .debug_loc     0x0000219b      0x183 src/ASF/common/services/clock/samv71/sysclk.o
 .debug_loc     0x0000231e       0xb3 src/ASF/common/utils/stdio/read.o
 .debug_loc     0x000023d1      0x12b src/ASF/common/utils/stdio/write.o
 .debug_loc     0x000024fc      0x363 src/ASF/sam/boards/samv71_xplained_ultra/init.o
 .debug_loc     0x0000285f      0xb34 src/ASF/sam/drivers/mcan/mcan.o
 .debug_loc     0x00003393      0xea4 src/ASF/sam/drivers/pio/pio.o
 .debug_loc     0x00004237      0x59f src/ASF/sam/drivers/pio/pio_handler.o
 .debug_loc     0x000047d6      0xc33 src/ASF/sam/drivers/pmc/pmc.o
 .debug_loc     0x00005409      0x2a3 src/ASF/sam/drivers/uart/uart.o
 .debug_loc     0x000056ac      0xf35 src/ASF/sam/drivers/usart/usart.o
 .debug_loc     0x000065e1       0x77 src/ASF/sam/utils/cmsis/samv71/source/templates/gcc/startup_samv71.o
 .debug_loc     0x00006658       0xfd src/ASF/sam/utils/syscalls/gcc/syscalls.o
 .debug_loc     0x00006755      0x3ad src/qs_mcan_fd.o

.debug_aranges  0x00000000      0xd88
 .debug_aranges
                0x00000000       0x88 src/can/can_controller.o
 .debug_aranges
                0x00000088       0x48 src/commands.o
 .debug_aranges
                0x000000d0       0x68 src/commands_module.o
 .debug_aranges
                0x00000138       0x20 src/config/conf_telemetry.o
 .debug_aranges
                0x00000158       0x40 src/subsystem_1.o
 .debug_aranges
                0x00000198       0x40 src/subsystem_2.o
 .debug_aranges
                0x000001d8      0x108 src/tc/tc.o
 .debug_aranges
                0x000002e0       0x30 src/telemetry.o
 .debug_aranges
                0x00000310       0x40 src/ASF/common/services/clock/samv71/sysclk.o
 .debug_aranges
                0x00000350       0x28 src/ASF/common/utils/interrupt/interrupt_sam_nvic.o
 .debug_aranges
                0x00000378       0x20 src/ASF/common/utils/stdio/read.o
 .debug_aranges
                0x00000398       0x20 src/ASF/common/utils/stdio/write.o
 .debug_aranges
                0x000003b8       0x20 src/ASF/sam/boards/samv71_xplained_ultra/init.o
 .debug_aranges
                0x000003d8       0xd0 src/ASF/sam/drivers/mcan/mcan.o
 .debug_aranges
                0x000004a8      0x1a8 src/ASF/sam/drivers/pio/pio.o
 .debug_aranges
                0x00000650       0x60 src/ASF/sam/drivers/pio/pio_handler.o
 .debug_aranges
                0x000006b0      0x270 src/ASF/sam/drivers/pmc/pmc.o
 .debug_aranges
                0x00000920       0xd8 src/ASF/sam/drivers/uart/uart.o
 .debug_aranges
                0x000009f8      0x2a8 src/ASF/sam/drivers/usart/usart.o
 .debug_aranges
                0x00000ca0       0x28 src/ASF/sam/utils/cmsis/samv71/source/templates/gcc/startup_samv71.o
 .debug_aranges
                0x00000cc8       0x30 src/ASF/sam/utils/cmsis/samv71/source/templates/system_samv71.o
 .debug_aranges
                0x00000cf8       0x60 src/ASF/sam/utils/syscalls/gcc/syscalls.o
 .debug_aranges
                0x00000d58       0x30 src/qs_mcan_fd.o

.debug_ranges   0x00000000      0xe68
 .debug_ranges  0x00000000       0xe0 src/can/can_controller.o
 .debug_ranges  0x000000e0       0x38 src/commands.o
 .debug_ranges  0x00000118       0x58 src/commands_module.o
 .debug_ranges  0x00000170       0x10 src/config/conf_telemetry.o
 .debug_ranges  0x00000180       0x30 src/subsystem_1.o
 .debug_ranges  0x000001b0       0x30 src/subsystem_2.o
 .debug_ranges  0x000001e0      0x178 src/tc/tc.o
 .debug_ranges  0x00000358       0x20 src/telemetry.o
 .debug_ranges  0x00000378       0x30 src/ASF/common/services/clock/samv71/sysclk.o
 .debug_ranges  0x000003a8       0x18 src/ASF/common/utils/interrupt/interrupt_sam_nvic.o
 .debug_ranges  0x000003c0       0x10 src/ASF/common/utils/stdio/read.o
 .debug_ranges  0x000003d0       0x10 src/ASF/common/utils/stdio/write.o
 .debug_ranges  0x000003e0       0x10 src/ASF/sam/boards/samv71_xplained_ultra/init.o
 .debug_ranges  0x000003f0      0x108 src/ASF/sam/drivers/mcan/mcan.o
 .debug_ranges  0x000004f8      0x2a0 src/ASF/sam/drivers/pio/pio.o
 .debug_ranges  0x00000798       0x68 src/ASF/sam/drivers/pio/pio_handler.o
 .debug_ranges  0x00000800      0x260 src/ASF/sam/drivers/pmc/pmc.o
 .debug_ranges  0x00000a60       0xc8 src/ASF/sam/drivers/uart/uart.o
 .debug_ranges  0x00000b28      0x298 src/ASF/sam/drivers/usart/usart.o
 .debug_ranges  0x00000dc0       0x18 src/ASF/sam/utils/cmsis/samv71/source/templates/gcc/startup_samv71.o
 .debug_ranges  0x00000dd8       0x20 src/ASF/sam/utils/cmsis/samv71/source/templates/system_samv71.o
 .debug_ranges  0x00000df8       0x50 src/ASF/sam/utils/syscalls/gcc/syscalls.o
 .debug_ranges  0x00000e48       0x20 src/qs_mcan_fd.o

.debug_macro    0x00000000    0x25028
 .debug_macro   0x00000000      0x809 src/can/can_controller.o
 .debug_macro   0x00000809      0x8ce src/can/can_controller.o
 .debug_macro   0x000010d7      0x16d src/can/can_controller.o
 .debug_macro   0x00001244      0x71d src/can/can_controller.o
 .debug_macro   0x00001961       0x76 src/can/can_controller.o
 .debug_macro   0x000019d7       0x16 src/can/can_controller.o
 .debug_macro   0x000019ed      0x6da src/can/can_controller.o
 .debug_macro   0x000020c7       0x22 src/can/can_controller.o
 .debug_macro   0x000020e9       0x87 src/can/can_controller.o
 .debug_macro   0x00002170       0x51 src/can/can_controller.o
 .debug_macro   0x000021c1       0xef src/can/can_controller.o
 .debug_macro   0x000022b0       0x6a src/can/can_controller.o
 .debug_macro   0x0000231a      0x1df src/can/can_controller.o
 .debug_macro   0x000024f9       0x51 src/can/can_controller.o
 .debug_macro   0x0000254a       0x1c src/can/can_controller.o
 .debug_macro   0x00002566       0x22 src/can/can_controller.o
 .debug_macro   0x00002588       0xdf src/can/can_controller.o
 .debug_macro   0x00002667     0x12cd src/can/can_controller.o
 .debug_macro   0x00003934      0x11f src/can/can_controller.o
 .debug_macro   0x00003a53       0x19 src/can/can_controller.o
 .debug_macro   0x00003a6c      0x191 src/can/can_controller.o
 .debug_macro   0x00003bfd      0x2ee src/can/can_controller.o
 .debug_macro   0x00003eeb      0xa23 src/can/can_controller.o
 .debug_macro   0x0000490e      0x1b4 src/can/can_controller.o
 .debug_macro   0x00004ac2      0x35f src/can/can_controller.o
 .debug_macro   0x00004e21      0x15a src/can/can_controller.o
 .debug_macro   0x00004f7b     0x18f9 src/can/can_controller.o
 .debug_macro   0x00006874       0x1c src/can/can_controller.o
 .debug_macro   0x00006890      0x6a2 src/can/can_controller.o
 .debug_macro   0x00006f32      0x263 src/can/can_controller.o
 .debug_macro   0x00007195      0x315 src/can/can_controller.o
 .debug_macro   0x000074aa      0x4f0 src/can/can_controller.o
 .debug_macro   0x0000799a      0x2c4 src/can/can_controller.o
 .debug_macro   0x00007c5e     0x1527 src/can/can_controller.o
 .debug_macro   0x00009185      0x285 src/can/can_controller.o
 .debug_macro   0x0000940a     0x2a40 src/can/can_controller.o
 .debug_macro   0x0000be4a     0x113e src/can/can_controller.o
 .debug_macro   0x0000cf88      0xcdb src/can/can_controller.o
 .debug_macro   0x0000dc63      0x3c6 src/can/can_controller.o
 .debug_macro   0x0000e029       0xa0 src/can/can_controller.o
 .debug_macro   0x0000e0c9       0x76 src/can/can_controller.o
 .debug_macro   0x0000e13f      0x41e src/can/can_controller.o
 .debug_macro   0x0000e55d       0x64 src/can/can_controller.o
 .debug_macro   0x0000e5c1      0x299 src/can/can_controller.o
 .debug_macro   0x0000e85a      0x201 src/can/can_controller.o
 .debug_macro   0x0000ea5b      0x264 src/can/can_controller.o
 .debug_macro   0x0000ecbf      0x539 src/can/can_controller.o
 .debug_macro   0x0000f1f8      0x650 src/can/can_controller.o
 .debug_macro   0x0000f848      0x6fd src/can/can_controller.o
 .debug_macro   0x0000ff45       0x64 src/can/can_controller.o
 .debug_macro   0x0000ffa9      0x4c4 src/can/can_controller.o
 .debug_macro   0x0001046d      0x237 src/can/can_controller.o
 .debug_macro   0x000106a4      0xa06 src/can/can_controller.o
 .debug_macro   0x000110aa     0x14f3 src/can/can_controller.o
 .debug_macro   0x0001259d       0x40 src/can/can_controller.o
 .debug_macro   0x000125dd       0x76 src/can/can_controller.o
 .debug_macro   0x00012653      0xdd1 src/can/can_controller.o
 .debug_macro   0x00013424       0x88 src/can/can_controller.o
 .debug_macro   0x000134ac       0x7c src/can/can_controller.o
 .debug_macro   0x00013528       0x52 src/can/can_controller.o
 .debug_macro   0x0001357a      0x133 src/can/can_controller.o
 .debug_macro   0x000136ad      0x133 src/can/can_controller.o
 .debug_macro   0x000137e0      0x133 src/can/can_controller.o
 .debug_macro   0x00013913       0x76 src/can/can_controller.o
 .debug_macro   0x00013989       0x76 src/can/can_controller.o
 .debug_macro   0x000139ff      0x2fe src/can/can_controller.o
 .debug_macro   0x00013cfd       0xca src/can/can_controller.o
 .debug_macro   0x00013dc7       0xca src/can/can_controller.o
 .debug_macro   0x00013e91       0xca src/can/can_controller.o
 .debug_macro   0x00013f5b      0x13b src/can/can_controller.o
 .debug_macro   0x00014096      0x13b src/can/can_controller.o
 .debug_macro   0x000141d1      0x2cd src/can/can_controller.o
 .debug_macro   0x0001449e       0xbe src/can/can_controller.o
 .debug_macro   0x0001455c       0x64 src/can/can_controller.o
 .debug_macro   0x000145c0       0x46 src/can/can_controller.o
 .debug_macro   0x00014606       0x4c src/can/can_controller.o
 .debug_macro   0x00014652       0xa6 src/can/can_controller.o
 .debug_macro   0x000146f8      0x4b7 src/can/can_controller.o
 .debug_macro   0x00014baf      0x133 src/can/can_controller.o
 .debug_macro   0x00014ce2       0x52 src/can/can_controller.o
 .debug_macro   0x00014d34      0x2fe src/can/can_controller.o
 .debug_macro   0x00015032       0x76 src/can/can_controller.o
 .debug_macro   0x000150a8       0xbe src/can/can_controller.o
 .debug_macro   0x00015166       0x76 src/can/can_controller.o
 .debug_macro   0x000151dc       0x70 src/can/can_controller.o
 .debug_macro   0x0001524c       0x34 src/can/can_controller.o
 .debug_macro   0x00015280      0x9b8 src/can/can_controller.o
 .debug_macro   0x00015c38       0x70 src/can/can_controller.o
 .debug_macro   0x00015ca8       0x8e src/can/can_controller.o
 .debug_macro   0x00015d36       0x5e src/can/can_controller.o
 .debug_macro   0x00015d94       0xb8 src/can/can_controller.o
 .debug_macro   0x00015e4c       0x4c src/can/can_controller.o
 .debug_macro   0x00015e98       0x4c src/can/can_controller.o
 .debug_macro   0x00015ee4       0x16 src/can/can_controller.o
 .debug_macro   0x00015efa       0xfa src/can/can_controller.o
 .debug_macro   0x00015ff4       0x52 src/can/can_controller.o
 .debug_macro   0x00016046       0x16 src/can/can_controller.o
 .debug_macro   0x0001605c       0x52 src/can/can_controller.o
 .debug_macro   0x000160ae       0x2e src/can/can_controller.o
 .debug_macro   0x000160dc      0x1b3 src/can/can_controller.o
 .debug_macro   0x0001628f      0x1b3 src/can/can_controller.o
 .debug_macro   0x00016442      0x1b3 src/can/can_controller.o
 .debug_macro   0x000165f5      0x1b3 src/can/can_controller.o
 .debug_macro   0x000167a8      0x1b3 src/can/can_controller.o
 .debug_macro   0x0001695b       0x1c src/can/can_controller.o
 .debug_macro   0x00016977       0x34 src/can/can_controller.o
 .debug_macro   0x000169ab       0x22 src/can/can_controller.o
 .debug_macro   0x000169cd       0x1c src/can/can_controller.o
 .debug_macro   0x000169e9       0x58 src/can/can_controller.o
 .debug_macro   0x00016a41       0x10 src/can/can_controller.o
 .debug_macro   0x00016a51       0x1c src/can/can_controller.o
 .debug_macro   0x00016a6d       0x52 src/can/can_controller.o
 .debug_macro   0x00016abf       0x52 src/can/can_controller.o
 .debug_macro   0x00016b11       0x52 src/can/can_controller.o
 .debug_macro   0x00016b63      0x345 src/can/can_controller.o
 .debug_macro   0x00016ea8     0x1073 src/can/can_controller.o
 .debug_macro   0x00017f1b      0x107 src/can/can_controller.o
 .debug_macro   0x00018022       0x58 src/can/can_controller.o
 .debug_macro   0x0001807a       0x35 src/can/can_controller.o
 .debug_macro   0x000180af       0x9c src/can/can_controller.o
 .debug_macro   0x0001814b       0x16 src/can/can_controller.o
 .debug_macro   0x00018161       0x35 src/can/can_controller.o
 .debug_macro   0x00018196      0x34d src/can/can_controller.o
 .debug_macro   0x000184e3       0x10 src/can/can_controller.o
 .debug_macro   0x000184f3       0x58 src/can/can_controller.o
 .debug_macro   0x0001854b       0x1f src/can/can_controller.o
 .debug_macro   0x0001856a       0x43 src/can/can_controller.o
 .debug_macro   0x000185ad       0x20 src/can/can_controller.o
 .debug_macro   0x000185cd      0x187 src/can/can_controller.o